--------------------------------------------------------------------------------------------------------------------------------------------------------------------------------
      name:  <unnamed>
       log:  C:\Users\rmjlton.AD\Documents\GitHub\priority\codelists\dementia.log
  log type:  text
 opened on:  14 May 2025, 05:01:31

. 
. 
. //= CPRD LOOKUP LOCATION - would be good to get this in a shared location ======
. 
. //*Directory of medical dictionary*
. local browser_dir "C:/Users/rmjlton/OneDrive - University College London/PRIORITY/lookups/`aurum_build'_Lookups_CPRDAurum"

. 
. //*Directory of label lookups*
. local lookup_dir "C:/Users/rmjlton/OneDrive - University College London/PRIORITY/lookups/`aurum_build'_Lookups_CPRDAurum"

. 
. //==============================================================================
. 
. //Import latest medical browser; force medcodeid, SNOMED CT Description ID, and SNOMED CT Concept ID to be string
. //import delimited "`browser_dir'/CPRDAurumMedical.txt", stringcols(1 6 7) favorstrfixed
. import delimited "`browser_dir'/`aurum_build'_EMISMedicalDictionary.txt", stringcols(1 6 7) favorstrfixed
(encoding automatically selected: UTF-8)
(9 vars, 240,999 obs)

. 
. //Drop useless variables
. drop release emiscodecategoryid

. 
. order medcodeid observations originalreadcode cleansedreadcode ///
>         snomedctconceptid snomedctdescriptionid term

. 
. //Save medical code browser to a tempfile
. tempfile medical

. save `medical'
file C:\Users\rmjlton.AD\AppData\Local\Temp\ST_16f8_000001.tmp saved as .dta format

. 
. 
. // STEP 0. COMBINE EXTERNAL CODELIST(S) TO USE AS A GUIDE
. //========================================================
. 
. //Comment this section out if no pre-existing codelists
. 
. //MedCodeID codelists (LSHTM Data Compass)
. 
. //Format pre-existing codelist(s) ready for merging
. preserve

.         import delimited https://datacompass.lshtm.ac.uk/id/eprint/2402/1/cr_codelist_dementia_aurum.txt, stringcols(1) favorstrfixed clear
(encoding automatically selected: ISO-8859-1)
(3 vars, 375 obs)

.         
.         keep medcodeid

.         
.         local name "lshtm_2402"

.         
.         generate byte external_codelist = 1

.         generate byte `name' = 1

.         generate byte dementia = 1

.         
.         count
  375

. 
.         tempfile `name'

.         save ``name''
file C:\Users\rmjlton.AD\AppData\Local\Temp\ST_16f8_000003.tmp saved as .dta format

. restore, preserve

.         import delimited https://datacompass.lshtm.ac.uk/id/eprint/2803/2/dementia_aurum_mar20.txt, stringcols(1 5 6) favorstrfixed clear
(encoding automatically selected: ISO-8859-1)
(7 vars, 375 obs)

.         
.         keep medcodeid

.         
.         local name "lshtm_2803"

.         
.         generate byte external_codelist = 1

.         generate byte `name' = 1

.         generate byte dementia = 1

.         
.         count
  375

. 
.         tempfile `name'

.         save ``name''
file C:\Users\rmjlton.AD\AppData\Local\Temp\ST_16f8_000004.tmp saved as .dta format

. restore, preserve

.         import delimited https://datacompass.lshtm.ac.uk/id/eprint/3265/1/aad_aurum_clincodes.txt, stringcols(1) favorstrfixed clear
(encoding automatically selected: ISO-8859-1)
(14 vars, 2,286 obs)

.         
.         keep if dementia == 1
(2,089 observations deleted)

.         keep medcodeid

.         
.         local name "lshtm_3265"

.         
.         generate byte external_codelist = 1

.         generate byte `name' = 1

.         generate byte dementia = 1

.         
.         count
  197

. 
.         tempfile `name'

.         save ``name''
file C:\Users\rmjlton.AD\AppData\Local\Temp\ST_16f8_000005.tmp saved as .dta format

. restore

. 
. //SNOMED CT codelists (HDR UK Phenotype Library and OpenCodelists)
. 
. //Format pre-existing codelist(s) ready for merging
. preserve

.         import delimited https://phenotypes.healthdatagateway.org/phenotypes/PH842/version/1763/export/codes, stringcols(1) favorstrfixed clear
(encoding automatically selected: ISO-8859-1)
(10 vars, 9 obs)

.         
.         rename code snomedctconceptid

.         keep snomedctconceptid

.         
.         local name "hdruk_842"

.         
.         generate byte external_codelist = 1

.         generate byte `name' = 1

.         generate byte dementia = 1

.         
.         count
  9

. 
.         tempfile `name'

.         save ``name''
file C:\Users\rmjlton.AD\AppData\Local\Temp\ST_16f8_000007.tmp saved as .dta format

. restore, preserve

.         import delimited https://phenotypes.healthdatagateway.org/phenotypes/PH963/version/2141/export/codes, stringcols(1) favorstrfixed clear
(encoding automatically selected: ISO-8859-1)
(10 vars, 150 obs)

.         
.         keep if strmatch(coding_system, "*SNOMED*CT*")
(59 observations deleted)

.         
.         generate dementia_cat = substr(concept_name, length(phenotype_name) + 43, .)

.         
.         rename code snomedctconceptid

.         keep snomedctconceptid dementia_cat

.         
.         local name "hdruk_963"

.         
.         generate byte external_codelist = 1

.         generate byte `name' = 1

.         generate byte dementia = 1

.         
.         count
  91

. 
.         tempfile `name'

.         save ``name''
file C:\Users\rmjlton.AD\AppData\Local\Temp\ST_16f8_000008.tmp saved as .dta format

. restore, preserve

.         import delimited https://phenotypes.healthdatagateway.org/phenotypes/PH1004/version/2182/export/codes, stringcols(1) favorstrfixed clear
(encoding automatically selected: ISO-8859-1)
(10 vars, 96 obs)

.         
.         keep if strmatch(coding_system, "*SNOMED*CT*")
(5 observations deleted)

.         
.         generate dementia_cat = substr(concept_name, length(phenotype_name) + 43, .)

.         
.         rename code snomedctconceptid

.         keep snomedctconceptid dementia_cat

.         
.         local name "hdruk_1004"

.         
.         generate byte external_codelist = 1

.         generate byte `name' = 1

.         generate byte dementia = 1

.         
.         count
  91

. 
.         tempfile `name'

.         save ``name''
file C:\Users\rmjlton.AD\AppData\Local\Temp\ST_16f8_000009.tmp saved as .dta format

. restore, preserve

.         import delimited https://www.opencodelists.org/codelist/bristol/any-dementia-snomed-ct-v14/5dda3a39/download.csv, stringcols(1) favorstrfixed clear
(encoding automatically selected: ISO-8859-1)
(2 vars, 309 obs)

.         
.         rename code snomedctconceptid

.         keep snomedctconceptid

.         
.         local name "oc_bristol_anydementia"

.         
.         generate byte external_codelist = 1

.         generate byte `name' = 1

.         generate byte dementia = 1

.         
.         count
  309

. 
.         tempfile `name'

.         save ``name''
file C:\Users\rmjlton.AD\AppData\Local\Temp\ST_16f8_00000a.tmp saved as .dta format

. restore, preserve

.         import delimited https://www.opencodelists.org/codelist/bristol/lewy-body-dementia-snomed-v1/0f16321e/download.csv, stringcols(1) favorstrfixed clear
(encoding automatically selected: ISO-8859-1)
(2 vars, 11 obs)

.         
.         rename code snomedctconceptid

.         keep snomedctconceptid

.         
.         local name "oc_bristol_lewybodydementia"

.         
.         generate byte external_codelist = 1

.         generate byte `name' = 1

.         generate byte dementia = 1

.         
.         count
  11

. 
.         tempfile `name'

.         save ``name''
file C:\Users\rmjlton.AD\AppData\Local\Temp\ST_16f8_00000b.tmp saved as .dta format

. restore, preserve

.         import delimited https://www.opencodelists.org/codelist/bristol/other-dementias-snomed-ct-v15/275ef1c4/download.csv, stringcols(1) favorstrfixed clear
(encoding automatically selected: ISO-8859-1)
(2 vars, 131 obs)

.         
.         rename code snomedctconceptid

.         keep snomedctconceptid

.         
.         local name "oc_bristol_otherdementias"

.         
.         generate byte external_codelist = 1

.         generate byte `name' = 1

.         generate byte dementia = 1

.         
.         count
  131

. 
.         tempfile `name'

.         save ``name''
file C:\Users\rmjlton.AD\AppData\Local\Temp\ST_16f8_00000c.tmp saved as .dta format

. restore, preserve

.         import delimited https://www.opencodelists.org/codelist/bristol/unspecified-dementia-snomed-ct-v13/7436ed78/download.csv, stringcols(1) favorstrfixed clear
(encoding automatically selected: ISO-8859-1)
(2 vars, 77 obs)

.         
.         rename code snomedctconceptid

.         keep snomedctconceptid

.         
.         local name "oc_bristol_unspecifieddementia"

.         
.         generate byte external_codelist = 1

.         generate byte `name' = 1

.         generate byte dementia = 1

.         
.         count
  77

. 
.         tempfile `name'

.         save ``name''
file C:\Users\rmjlton.AD\AppData\Local\Temp\ST_16f8_00000d.tmp saved as .dta format

. restore, preserve

.         import delimited https://www.opencodelists.org/codelist/bristol/vascular-dementia-snomed-ct-v13/2655d3e3/download.csv, stringcols(1) favorstrfixed clear
(encoding automatically selected: ISO-8859-1)
(2 vars, 41 obs)

.         
.         rename code snomedctconceptid

.         keep snomedctconceptid

.         
.         local name "oc_bristol_vasculardementia"

.         
.         generate byte external_codelist = 1

.         generate byte `name' = 1

.         generate byte dementia = 1

.         
.         count
  41

. 
.         tempfile `name'

.         save ``name''
file C:\Users\rmjlton.AD\AppData\Local\Temp\ST_16f8_00000e.tmp saved as .dta format

. restore, preserve

.         import delimited https://www.opencodelists.org/codelist/nhsd-primary-care-domain-refsets/alzheimers-disease-dementia-codes/20241205/download.csv, stringcols(1) favors
> trfixed clear
(encoding automatically selected: ISO-8859-1)
(2 vars, 49 obs)

.         
.         rename code snomedctconceptid

.         keep snomedctconceptid

.         
.         local name "oc_nhspcdr_demalz"

.         
.         generate byte external_codelist = 1

.         generate byte `name' = 1

.         generate byte dementia = 1

.         
.         count
  49

. 
.         tempfile `name'

.         save ``name''
file C:\Users\rmjlton.AD\AppData\Local\Temp\ST_16f8_00000f.tmp saved as .dta format

. restore, preserve

.         import delimited https://www.opencodelists.org/codelist/nhsd-primary-care-domain-refsets/dem_cod/20241205/download.csv, stringcols(1) favorstrfixed clear
(encoding automatically selected: ISO-8859-1)
(2 vars, 325 obs)

.         
.         rename code snomedctconceptid

.         keep snomedctconceptid

.         
.         local name "oc_nhspcdr_dem"

.         
.         generate byte external_codelist = 1

.         generate byte `name' = 1

.         generate byte dementia = 1

.         
.         count
  325

. 
.         tempfile `name'

.         save ``name''
file C:\Users\rmjlton.AD\AppData\Local\Temp\ST_16f8_00000g.tmp saved as .dta format

. restore, preserve

.         import delimited https://www.opencodelists.org/codelist/nhsd-primary-care-domain-refsets/dementia-diagnosis-codes-excluding-alzheimers-vascular-lewy-body-frontotempor
> al-and-mixed/20241205/download.csv, stringcols(1) favorstrfixed clear
(encoding automatically selected: ISO-8859-1)
(2 vars, 199 obs)

.         
.         rename code snomedctconceptid

.         keep snomedctconceptid

.         
.         local name "oc_nhspcdr_demother"

.         
.         generate byte external_codelist = 1

.         generate byte `name' = 1

.         generate byte dementia = 1

.         
.         count
  199

. 
.         tempfile `name'

.         save ``name''
file C:\Users\rmjlton.AD\AppData\Local\Temp\ST_16f8_00000h.tmp saved as .dta format

. restore, preserve

.         import delimited https://www.opencodelists.org/codelist/nhsd-primary-care-domain-refsets/frontotemporal-dementia-codes/20241205/download.csv, stringcols(1) favorstrfi
> xed clear
(encoding automatically selected: ISO-8859-1)
(2 vars, 23 obs)

.         
.         rename code snomedctconceptid

.         keep snomedctconceptid

.         
.         local name "oc_nhspcdr_demftemp"

.         
.         generate byte external_codelist = 1

.         generate byte `name' = 1

.         generate byte dementia = 1

.         
.         count
  23

. 
.         tempfile `name'

.         save ``name''
file C:\Users\rmjlton.AD\AppData\Local\Temp\ST_16f8_00000i.tmp saved as .dta format

. restore, preserve

.         import delimited https://www.opencodelists.org/codelist/nhsd-primary-care-domain-refsets/lewy-body-dementia-codes/20241205/download.csv, stringcols(1) favorstrfixed c
> lear
(encoding automatically selected: ISO-8859-1)
(2 vars, 14 obs)

.         
.         rename code snomedctconceptid

.         keep snomedctconceptid

.         
.         local name "oc_nhspcdr_demlewy"

.         
.         generate byte external_codelist = 1

.         generate byte `name' = 1

.         generate byte dementia = 1

.         
.         count
  14

. 
.         tempfile `name'

.         save ``name''
file C:\Users\rmjlton.AD\AppData\Local\Temp\ST_16f8_00000j.tmp saved as .dta format

. restore, preserve

.         import delimited https://www.opencodelists.org/codelist/nhsd-primary-care-domain-refsets/mixed-dementia-codes/20241205/download.csv, stringcols(1) favorstrfixed clear
(encoding automatically selected: ISO-8859-1)
(2 vars, 1 obs)

.         
.         rename code snomedctconceptid

.         keep snomedctconceptid

.         
.         local name "oc_nhspcdr_demmix"

.         
.         generate byte external_codelist = 1

.         generate byte `name' = 1

.         generate byte dementia = 1

.         
.         count
  1

. 
.         tempfile `name'

.         save ``name''
file C:\Users\rmjlton.AD\AppData\Local\Temp\ST_16f8_00000k.tmp saved as .dta format

. restore, preserve

.         import delimited https://www.opencodelists.org/codelist/nhsd-primary-care-domain-refsets/vascular-dementia-codes/20241205/download.csv, stringcols(1) favorstrfixed cl
> ear
(encoding automatically selected: ISO-8859-1)
(2 vars, 39 obs)

.         
.         rename code snomedctconceptid

.         keep snomedctconceptid

.         
.         local name "oc_nhspcdr_demvasc"

.         
.         generate byte external_codelist = 1

.         generate byte `name' = 1

.         generate byte dementia = 1

.         
.         count
  39

. 
.         tempfile `name'

.         save ``name''
file C:\Users\rmjlton.AD\AppData\Local\Temp\ST_16f8_00000l.tmp saved as .dta format

. restore, preserve

.         import delimited https://www.opencodelists.org/codelist/opensafely/dementia-snomed/2020-04-22/download.csv, stringcols(1) favorstrfixed clear
(encoding automatically selected: ISO-8859-1)
(4 vars, 35 obs)

.         
.         rename id snomedctconceptid

.         keep snomedctconceptid

.         
.         local name "oc_opensafely_dementia"

.         
.         generate byte external_codelist = 1

.         generate byte `name' = 1

.         generate byte dementia = 1

.         
.         count
  35

. 
.         tempfile `name'

.         save ``name''
file C:\Users\rmjlton.AD\AppData\Local\Temp\ST_16f8_00000m.tmp saved as .dta format

. restore, preserve

.         import delimited https://www.opencodelists.org/codelist/qcovid/has_dementia/48be03fb/download.csv, stringcols(1) favorstrfixed clear
(encoding automatically selected: ISO-8859-1)
(2 vars, 64 obs)

.         
.         rename code snomedctconceptid

.         keep snomedctconceptid

.         
.         local name "oc_qcovid_hasdementia"

.         
.         generate byte external_codelist = 1

.         generate byte `name' = 1

.         generate byte dementia = 1

.         
.         count
  64

. 
.         tempfile `name'

.         save ``name''
file C:\Users\rmjlton.AD\AppData\Local\Temp\ST_16f8_00000n.tmp saved as .dta format

. restore

. 
. 
. //Merge into medical browser
. use `medical', clear

. count
  240,999

. 
. //Medcode lists
. foreach external_med in lshtm_2402 lshtm_2803 lshtm_3265 {
  2.         
.         merge 1:1 medcodeid using ``external_med'', update replace
  3.         drop if _merge == 2
  4.         
.         display "Conflicts..."
  5.         list medcodeid term dementia if _merge == 5
  6.         drop _merge
  7. }

    Result                      Number of obs
    -----------------------------------------
    Not matched                       240,806
        from master                   240,715  (_merge==1)
        from using                         91  (_merge==2)

    Matched                               284
        not updated                       284  (_merge==3)
        missing updated                     0  (_merge==4)
        nonmissing conflict                 0  (_merge==5)
    -----------------------------------------
(91 observations deleted)
Conflicts...

    Result                      Number of obs
    -----------------------------------------
    Not matched                       240,806
        from master                   240,715  (_merge==1)
        from using                         91  (_merge==2)

    Matched                               284
        not updated                       284  (_merge==3)
        missing updated                     0  (_merge==4)
        nonmissing conflict                 0  (_merge==5)
    -----------------------------------------
(91 observations deleted)
Conflicts...

    Result                      Number of obs
    -----------------------------------------
    Not matched                       240,808
        from master                   240,805  (_merge==1)
        from using                          3  (_merge==2)

    Matched                               194
        not updated                       162  (_merge==3)
        missing updated                    32  (_merge==4)
        nonmissing conflict                 0  (_merge==5)
    -----------------------------------------
(3 observations deleted)
Conflicts...

. 
. //SNOMED CT lists
. foreach external_sct in hdruk_842 hdruk_963 hdruk_1004 ///
>         oc_bristol_anydementia oc_bristol_lewybodydementia ///
>         oc_bristol_otherdementias oc_bristol_unspecifieddementia ///
>         oc_bristol_vasculardementia ///
>         oc_nhspcdr_demalz oc_nhspcdr_dem oc_nhspcdr_demother oc_nhspcdr_demftemp ///
>         oc_nhspcdr_demlewy oc_nhspcdr_demmix oc_nhspcdr_demvasc ///
>         oc_opensafely_dementia oc_qcovid_hasdementia {
  2.         
.         merge m:1 snomedctconceptid using ``external_sct'', update replace
  3.         drop if _merge == 2
  4.         
.         display "Conflicts..."
  5.         list medcodeid term dementia if _merge == 5
  6.         drop _merge
  7. }

    Result                      Number of obs
    -----------------------------------------
    Not matched                       240,960
        from master                   240,960  (_merge==1)
        from using                          0  (_merge==2)

    Matched                                39
        not updated                        35  (_merge==3)
        missing updated                     4  (_merge==4)
        nonmissing conflict                 0  (_merge==5)
    -----------------------------------------
(0 observations deleted)
Conflicts...

    Result                      Number of obs
    -----------------------------------------
    Not matched                       240,836
        from master                   240,831  (_merge==1)
        from using                          5  (_merge==2)

    Matched                               168
        not updated                       130  (_merge==3)
        missing updated                    38  (_merge==4)
        nonmissing conflict                 0  (_merge==5)
    -----------------------------------------
(5 observations deleted)
Conflicts...

    Result                      Number of obs
    -----------------------------------------
    Not matched                       240,836
        from master                   240,831  (_merge==1)
        from using                          5  (_merge==2)

    Matched                               168
        not updated                       168  (_merge==3)
        missing updated                     0  (_merge==4)
        nonmissing conflict                 0  (_merge==5)
    -----------------------------------------
(5 observations deleted)
Conflicts...

    Result                      Number of obs
    -----------------------------------------
    Not matched                       240,956
        from master                   240,774  (_merge==1)
        from using                        182  (_merge==2)

    Matched                               225
        not updated                       152  (_merge==3)
        missing updated                    73  (_merge==4)
        nonmissing conflict                 0  (_merge==5)
    -----------------------------------------
(182 observations deleted)
Conflicts...

    Result                      Number of obs
    -----------------------------------------
    Not matched                       240,994
        from master                   240,987  (_merge==1)
        from using                          7  (_merge==2)

    Matched                                12
        not updated                        12  (_merge==3)
        missing updated                     0  (_merge==4)
        nonmissing conflict                 0  (_merge==5)
    -----------------------------------------
(7 observations deleted)
Conflicts...

    Result                      Number of obs
    -----------------------------------------
    Not matched                       241,022
        from master                   240,933  (_merge==1)
        from using                         89  (_merge==2)

    Matched                                66
        not updated                        66  (_merge==3)
        missing updated                     0  (_merge==4)
        nonmissing conflict                 0  (_merge==5)
    -----------------------------------------
(89 observations deleted)
Conflicts...

    Result                      Number of obs
    -----------------------------------------
    Not matched                       240,992
        from master                   240,949  (_merge==1)
        from using                         43  (_merge==2)

    Matched                                50
        not updated                        50  (_merge==3)
        missing updated                     0  (_merge==4)
        nonmissing conflict                 0  (_merge==5)
    -----------------------------------------
(43 observations deleted)
Conflicts...

    Result                      Number of obs
    -----------------------------------------
    Not matched                       240,980
        from master                   240,960  (_merge==1)
        from using                         20  (_merge==2)

    Matched                                39
        not updated                        39  (_merge==3)
        missing updated                     0  (_merge==4)
        nonmissing conflict                 0  (_merge==5)
    -----------------------------------------
(20 observations deleted)
Conflicts...

    Result                      Number of obs
    -----------------------------------------
    Not matched                       240,969
        from master                   240,945  (_merge==1)
        from using                         24  (_merge==2)

    Matched                                54
        not updated                        54  (_merge==3)
        missing updated                     0  (_merge==4)
        nonmissing conflict                 0  (_merge==5)
    -----------------------------------------
(24 observations deleted)
Conflicts...

    Result                      Number of obs
    -----------------------------------------
    Not matched                       240,967
        from master                   240,773  (_merge==1)
        from using                        194  (_merge==2)

    Matched                               226
        not updated                       221  (_merge==3)
        missing updated                     5  (_merge==4)
        nonmissing conflict                 0  (_merge==5)
    -----------------------------------------
(194 observations deleted)
Conflicts...

    Result                      Number of obs
    -----------------------------------------
    Not matched                       241,035
        from master                   240,904  (_merge==1)
        from using                        131  (_merge==2)

    Matched                                95
        not updated                        95  (_merge==3)
        missing updated                     0  (_merge==4)
        nonmissing conflict                 0  (_merge==5)
    -----------------------------------------
(131 observations deleted)
Conflicts...

    Result                      Number of obs
    -----------------------------------------
    Not matched                       240,996
        from master                   240,983  (_merge==1)
        from using                         13  (_merge==2)

    Matched                                16
        not updated                        16  (_merge==3)
        missing updated                     0  (_merge==4)
        nonmissing conflict                 0  (_merge==5)
    -----------------------------------------
(13 observations deleted)
Conflicts...

    Result                      Number of obs
    -----------------------------------------
    Not matched                       240,989
        from master                   240,981  (_merge==1)
        from using                          8  (_merge==2)

    Matched                                18
        not updated                        18  (_merge==3)
        missing updated                     0  (_merge==4)
        nonmissing conflict                 0  (_merge==5)
    -----------------------------------------
(8 observations deleted)
Conflicts...

    Result                      Number of obs
    -----------------------------------------
    Not matched                       240,995
        from master                   240,995  (_merge==1)
        from using                          0  (_merge==2)

    Matched                                 4
        not updated                         4  (_merge==3)
        missing updated                     0  (_merge==4)
        nonmissing conflict                 0  (_merge==5)
    -----------------------------------------
(0 observations deleted)
Conflicts...

    Result                      Number of obs
    -----------------------------------------
    Not matched                       240,978
        from master                   240,960  (_merge==1)
        from using                         18  (_merge==2)

    Matched                                39
        not updated                        39  (_merge==3)
        missing updated                     0  (_merge==4)
        nonmissing conflict                 0  (_merge==5)
    -----------------------------------------
(18 observations deleted)
Conflicts...

    Result                      Number of obs
    -----------------------------------------
    Not matched                       240,954
        from master                   240,946  (_merge==1)
        from using                          8  (_merge==2)

    Matched                                53
        not updated                        53  (_merge==3)
        missing updated                     0  (_merge==4)
        nonmissing conflict                 0  (_merge==5)
    -----------------------------------------
(8 observations deleted)
Conflicts...

    Result                      Number of obs
    -----------------------------------------
    Not matched                       240,851
        from master                   240,851  (_merge==1)
        from using                          0  (_merge==2)

    Matched                               148
        not updated                       148  (_merge==3)
        missing updated                     0  (_merge==4)
        nonmissing conflict                 0  (_merge==5)
    -----------------------------------------
(0 observations deleted)
Conflicts...

. 
. tab dementia, missing

   dementia |      Freq.     Percent        Cum.
------------+-----------------------------------
          1 |        436        0.18        0.18
          . |    240,563       99.82      100.00
------------+-----------------------------------
      Total |    240,999      100.00

. 
. 
. // STEP 1. IDENTIFY SEARCH TERMS
. //===============================
. 
. // **Define search terms below. Use multiple local macros if categorising
. //   desired codes in to multiple categories make more sense**
. 
. // **If using repository codelists in Step 0, make sure macro has same name as
. //   variable created to identify condition in repository codelists**
. 
. local dementia " "*dementia*" "*alzheimer*" "*lewy body*" "

. 
. 
. // STEP 2. SEARCH THE MEDICAL TERMINOLOGY DICTIONARY USING THE SEARCH TERMS
. //==========================================================================
. 
. // **Add any additional local macros if you have used more than 1**
. //For each specified local macro...
. foreach termgroup in /**/dementia/**/ {
  2.         
.         //For each SNOMED CT term description (converted to lower case)...
.         foreach codeterm in lower(term) {
  3.                 
.                 //For each individual search term in the local macro
.                 foreach searchterm in ``termgroup'' {
  4.                         
.                         //Set the indicator variable to 1 if the SNOMED CT term description matches the search term from the local macro
.                         replace `termgroup' = 1 if strmatch(`codeterm', "`searchterm'")
  5.                 }
  6.         }
  7. }
(69 real changes made)
(10 real changes made)
(0 real changes made)

. 
. keep if /**/dementia == 1/**/
(240,484 observations deleted)

. compress
  variable medcodeid was str18 now str17
  variable originalreadcode was str19 now str15
  variable snomedctconceptid was str18 now str17
  variable snomedctdescriptionid was str18 now str16
  variable term was str233 now str127
  (58,710 bytes saved)

. 
. gsort /**/dementia/**/ -observations snomedctconceptid snomedctdescriptionid originalreadcode

. 
. tab1 /**/dementia/**/

-> tabulation of dementia  

   dementia |      Freq.     Percent        Cum.
------------+-----------------------------------
          1 |        515      100.00      100.00
------------+-----------------------------------
      Total |        515      100.00

. 
. 
. // (OPTIONAL) STEP 3. PERFORM A SECONDARY SEARCH TO EXCLUDE BROAD UNDESIRED TERMS
. //================================================================================
. 
. //Comment out this section if not required.
. 
. // **Exclusion terms**
. 
. local exclude " "*family*history*" "*fh:*" "*not indicated*" "*at risk*" "*carer of*" "*screening*" "*worker*" "*staff*" "*pseudodementia*" "*health check*" "*test*" "

. 
. //Search for codes to exclude
. foreach excludeterm in exclude /**/ /*ANY OTHER EXCLUSION CATEGORIES*/ /**/ {
  2. 
.         gen byte `excludeterm' = .
  3. 
.         foreach codeterm in lower(term) {
  4.                 
.                 foreach searchterm in ``excludeterm'' {         
  5.                         
.                         replace `excludeterm' = 1 if strmatch(`codeterm', "`searchterm'")
  6.                 }
  7.         }
  8. }
(515 missing values generated)
(4 real changes made)
(2 real changes made)
(1 real change made)
(2 real changes made)
(2 real changes made)
(7 real changes made)
(7 real changes made)
(1 real change made)
(1 real change made)
(1 real change made)
(3 real changes made)

. 
. //Check that nothing important is highlighted for exclusion before dropping
. tab exclude, missing

    exclude |      Freq.     Percent        Cum.
------------+-----------------------------------
          1 |         31        6.02        6.02
          . |        484       93.98      100.00
------------+-----------------------------------
      Total |        515      100.00

. list medcodeid term if exclude == 1

     +-----------------------------------------------------------------------------------------+
     |        medcodeid                                                                   term |
     |-----------------------------------------------------------------------------------------|
  2. | 1150521000000117                                                    At risk of dementia |
  4. | 1867041000006112   NHS Health Check raising awareness about dementia and memory clinics |
 16. | 2271571000000113                                            Dementia screening declined |
 30. |        249848014                                                    FH: Senile dementia |
 31. |        257073011                                                          Dementia test |
     |-----------------------------------------------------------------------------------------|
 41. |       1488581017                                                FH: Alzheimer's disease |
 46. | 2281311000000115                              Dementia screening questionnaire declined |
 57. | 2145441000000117                                          Carer of person with dementia |
 59. | 2282071000000118                             Dementia screening questionnaire completed |
 72. |        257074017                                                 Ten item dementia test |
     |-----------------------------------------------------------------------------------------|
 76. | 2334241000000110                                      Dementia assessment not indicated |
111. | 2282031000000115                       Dementia screening questionnaire sent to patient |
132. | 1699141000006114                                                    At risk of dementia |
163. | 2391821000000112                               No longer carer of patient with dementia |
196. |  106281000006116                                        Thirty seven item dementia test |
     |-----------------------------------------------------------------------------------------|
207. | 2287501000000117                           No response to dementia screening invitation |
225. | 4529501000006111                                      Family history of senile dementia |
249. | 1950791000006116                               Dementia link worker - mental health CPN |
258. | 1950821000006113                      Dementia link worker - other mental health worker |
266. | 1950861000006119                                   Dementia link worker - social worker |
     |-----------------------------------------------------------------------------------------|
267. | 1950871000006114                                           Dementia link worker - other |
276. | 1871881000006112                                            Dementia screening declined |
291. | 1776241000006114         Staff group: Nursing - Parkinson and Alzheimer Nursing/Liaison |
307. | 1950781000006119                                           Dementia link worker details |
317. | 7112111000006119                                             Family history of dementia |
     |-----------------------------------------------------------------------------------------|
332. | 1950811000006117                                Dementia link worker - mental health OT |
344. | 3257361000006117                                                         Pseudodementia |
391. | 6548441000006111                                      Family history: Alzheimer disease |
421. | 1876391000006114                             Dementia screening questionnaire completed |
428. | 1950851000006116                       Dementia link worker - other third sector worker |
     |-----------------------------------------------------------------------------------------|
438. | 6548451000006113                                           Family history of Alzheimers |
     +-----------------------------------------------------------------------------------------+

. /**/ /*ANY OTHER EXCLUSION CATEGORIES*/ /**/
. 
. //Make any corrections
. local corrections "123"

. /*
> foreach correction of local corrections {
>         
>         list medcodeid term if medcodeid == "`correction'"
>         
>         foreach var of varlist exclude /**/ /*ANY OTHER EXCLUSION CATEGORIES*/ /**/ {
>         
>                 replace `var' = . if medcodeid == "`correction'"
>         }
> }
> 
> replace exclude = 1 if /**/ /*ANY OTHER EXCLUSION CATEGORIES*/ /**/ */
. drop if exclude == 1 & external_codelist != 1
(31 observations deleted)

. count
  484

. compress
  (0 bytes saved)

. 
. 
. // STEP 4. MANUAL SCREEN OF CODELIST TO REMOVE UNDESIRED TERMS
. //=============================================================
. 
. // **medcodeids to remove**
. local initial_remove "2247561000000112 483651010 295718011 97642017 294704013 612521000006115 481281019 376431000006118 403921000006119 295713019 7798761000006110 37365019 12
> 3479016 394691000006116 119579013 119577010 7963891000006112 388761000006114 3670581000006118 2551451000006119 3454551000006117 7515071000006112 7963881000006114 285463100000
> 6113 5548301000006119 7771441000006116 12106361000006116 2854601000006117 14195861000006111 7794741000006116 7798771000006115 376631000006115 5548281000006118"

. 
. gen byte remove = 0

. 
. foreach medcode of local initial_remove {
  2.         
.         replace remove = 1 if medcodeid == "`medcode'"
  3. }
(1 real change made)
(1 real change made)
(1 real change made)
(1 real change made)
(1 real change made)
(1 real change made)
(1 real change made)
(1 real change made)
(1 real change made)
(1 real change made)
(1 real change made)
(1 real change made)
(1 real change made)
(1 real change made)
(0 real changes made)
(0 real changes made)
(1 real change made)
(0 real changes made)
(0 real changes made)
(1 real change made)
(1 real change made)
(1 real change made)
(1 real change made)
(1 real change made)
(0 real changes made)
(1 real change made)
(1 real change made)
(1 real change made)
(0 real changes made)
(1 real change made)
(1 real change made)
(1 real change made)
(1 real change made)

. 
. list medcodeid snomedctdescriptionid snomedctconceptid originalreadcode term  ///
>         observations external_codelist if remove == 1

     +----------------------------------------------------------------------------------------------------------------------------------------------------------------+
  5. |         medcodeid | snomedctdescri~d | snomedctconce~d | originalrea~e |                                                                       term | observ~s |
     |  2247561000000112 | 2247561000000112 | 869561000000101 |         38C10 |                                                    Assessment for dementia |   500000 |
     |----------------------------------------------------------------------------------------------------------------------------------------------------------------|
     |                                                                            extern~t                                                                            |
     |                                                                                   .                                                                            |
     +----------------------------------------------------------------------------------------------------------------------------------------------------------------+

     +----------------------------------------------------------------------------------------------------------------------------------------------------------------+
 17. |         medcodeid | snomedctdescri~d | snomedctconce~d | originalrea~e |                                                                       term | observ~s |
     |         483651010 |        483651010 |         2776000 |          E030 |                                                    Acute confusional state |   100000 |
     |----------------------------------------------------------------------------------------------------------------------------------------------------------------|
     |                                                                            extern~t                                                                            |
     |                                                                                   1                                                                            |
     +----------------------------------------------------------------------------------------------------------------------------------------------------------------+

     +----------------------------------------------------------------------------------------------------------------------------------------------------------------+
 18. |         medcodeid | snomedctdescri~d | snomedctconce~d | originalrea~e |                                                                       term | observ~s |
     |         295718011 |          5694012 |         2776000 |         Eu04z |                                                                   Delirium |   100000 |
     |----------------------------------------------------------------------------------------------------------------------------------------------------------------|
     |                                                                            extern~t                                                                            |
     |                                                                                   1                                                                            |
     +----------------------------------------------------------------------------------------------------------------------------------------------------------------+

     +----------------------------------------------------------------------------------------------------------------------------------------------------------------+
 25. |         medcodeid | snomedctdescri~d | snomedctconce~d | originalrea~e |                                                                       term | observ~s |
     |          97642017 |         97642017 |        58756001 |          F134 |                                                        Huntington's chorea |    60000 |
     |----------------------------------------------------------------------------------------------------------------------------------------------------------------|
     |                                                                            extern~t                                                                            |
     |                                                                                   1                                                                            |
     +----------------------------------------------------------------------------------------------------------------------------------------------------------------+

     +----------------------------------------------------------------------------------------------------------------------------------------------------------------+
 53. |         medcodeid | snomedctdescri~d | snomedctconce~d | originalrea~e |                                                                       term | observ~s |
     |         294704013 |        483651010 |         2776000 |         E030z |                                                Acute confusional state NOS |    10000 |
     |----------------------------------------------------------------------------------------------------------------------------------------------------------------|
     |                                                                            extern~t                                                                            |
     |                                                                                   1                                                                            |
     +----------------------------------------------------------------------------------------------------------------------------------------------------------------+

     +----------------------------------------------------------------------------------------------------------------------------------------------------------------+
 95. |         medcodeid | snomedctdescri~d | snomedctconce~d | originalrea~e |                                                                       term | observ~s |
     |   612521000006115 |          5694012 |         2776000 |        E030-1 |                                                   Delirium - acute organic |     3000 |
     |----------------------------------------------------------------------------------------------------------------------------------------------------------------|
     |                                                                            extern~t                                                                            |
     |                                                                                   1                                                                            |
     +----------------------------------------------------------------------------------------------------------------------------------------------------------------+

     +----------------------------------------------------------------------------------------------------------------------------------------------------------------+
126. |         medcodeid | snomedctdescri~d | snomedctconce~d | originalrea~e |                                                                       term | observ~s |
     |         481281019 |        481281019 |        22255007 |          A413 |                                 Progressive multifocal leucoencephalopathy |     1000 |
     |----------------------------------------------------------------------------------------------------------------------------------------------------------------|
     |                                                                            extern~t                                                                            |
     |                                                                                   1                                                                            |
     +----------------------------------------------------------------------------------------------------------------------------------------------------------------+

     +----------------------------------------------------------------------------------------------------------------------------------------------------------------+
130. |         medcodeid | snomedctdescri~d | snomedctconce~d | originalrea~e |                                                                       term | observ~s |
     |   376431000006118 |          5694012 |         2776000 |       Eu04y-1 |                                                [X]Delirium of mixed origin |     1000 |
     |----------------------------------------------------------------------------------------------------------------------------------------------------------------|
     |                                                                            extern~t                                                                            |
     |                                                                                   1                                                                            |
     +----------------------------------------------------------------------------------------------------------------------------------------------------------------+

     +----------------------------------------------------------------------------------------------------------------------------------------------------------------+
155. |         medcodeid | snomedctdescri~d | snomedctconce~d | originalrea~e |                                                                       term | observ~s |
     |   403921000006119 |          6563014 |         3298001 |          Eu03 |                                                          Amnestic disorder |      500 |
     |----------------------------------------------------------------------------------------------------------------------------------------------------------------|
     |                                                                            extern~t                                                                            |
     |                                                                                   1                                                                            |
     +----------------------------------------------------------------------------------------------------------------------------------------------------------------+

     +----------------------------------------------------------------------------------------------------------------------------------------------------------------+
171. |         medcodeid | snomedctdescri~d | snomedctconce~d | originalrea~e |                                                                       term | observ~s |
     |         295713019 |          5694012 |         2776000 |         Eu040 |                     [X]Delirium not superimposed on dementia, so described |      400 |
     |----------------------------------------------------------------------------------------------------------------------------------------------------------------|
     |                                                                            extern~t                                                                            |
     |                                                                                   1                                                                            |
     +----------------------------------------------------------------------------------------------------------------------------------------------------------------+

     +----------------------------------------------------------------------------------------------------------------------------------------------------------------+
178. |         medcodeid | snomedctdescri~d | snomedctconce~d | originalrea~e |                                                                       term | observ~s |
     |  7798761000006110 |       3319758017 |       720204003 | ^ESCTCD779876 |                                       CDR (Clinical Dementia Rating) score |      400 |
     |----------------------------------------------------------------------------------------------------------------------------------------------------------------|
     |                                                                            extern~t                                                                            |
     |                                                                                   1                                                                            |
     +----------------------------------------------------------------------------------------------------------------------------------------------------------------+

     +----------------------------------------------------------------------------------------------------------------------------------------------------------------+
183. |         medcodeid | snomedctdescri~d | snomedctconce~d | originalrea~e |                                                                       term | observ~s |
     |          37365019 |        481280018 |        22255007 |        A413-1 |                           PML - Progressive multifocal leukoencephalopathy |      300 |
     |----------------------------------------------------------------------------------------------------------------------------------------------------------------|
     |                                                                            extern~t                                                                            |
     |                                                                                   1                                                                            |
     +----------------------------------------------------------------------------------------------------------------------------------------------------------------+

     +----------------------------------------------------------------------------------------------------------------------------------------------------------------+
189. |         medcodeid | snomedctdescri~d | snomedctconce~d | originalrea~e |                                                                       term | observ~s |
     |         123479016 |        123479016 |        74351001 |         F11y0 |                                                            Reye's syndrome |      300 |
     |----------------------------------------------------------------------------------------------------------------------------------------------------------------|
     |                                                                            extern~t                                                                            |
     |                                                                                   1                                                                            |
     +----------------------------------------------------------------------------------------------------------------------------------------------------------------+

     +----------------------------------------------------------------------------------------------------------------------------------------------------------------+
199. |         medcodeid | snomedctdescri~d | snomedctconce~d | originalrea~e |                                                                       term | observ~s |
     |   394691000006116 |          6563014 |         3298001 |        Eu03-1 |                                      [X]Korsakov's psychosis, nonalcoholic |      200 |
     |----------------------------------------------------------------------------------------------------------------------------------------------------------------|
     |                                                                            extern~t                                                                            |
     |                                                                                   1                                                                            |
     +----------------------------------------------------------------------------------------------------------------------------------------------------------------+

     +----------------------------------------------------------------------------------------------------------------------------------------------------------------+
277. |         medcodeid | snomedctdescri~d | snomedctconce~d | originalrea~e |                                                                       term | observ~s |
     |  7963891000006112 |       3482644018 |       734076008 | ^ESCTDL796389 | DLBCL (diffuse large B-cell lymphoma) associated with chronic inflammation |       30 |
     |----------------------------------------------------------------------------------------------------------------------------------------------------------------|
     |                                                                            extern~t                                                                            |
     |                                                                                   1                                                                            |
     +----------------------------------------------------------------------------------------------------------------------------------------------------------------+

     +----------------------------------------------------------------------------------------------------------------------------------------------------------------+
338. |         medcodeid | snomedctdescri~d | snomedctconce~d | originalrea~e |                                                                       term | observ~s |
     |  2551451000006119 |        485380014 |         3298001 | ^ESCTAM255145 |                                                           Amnesic syndrome |        6 |
     |----------------------------------------------------------------------------------------------------------------------------------------------------------------|
     |                                                                            extern~t                                                                            |
     |                                                                                   1                                                                            |
     +----------------------------------------------------------------------------------------------------------------------------------------------------------------+

     +----------------------------------------------------------------------------------------------------------------------------------------------------------------+
350. |         medcodeid | snomedctdescri~d | snomedctconce~d | originalrea~e |                                                                       term | observ~s |
     |   376631000006115 |        119576018 |        71961003 |       Eu843-1 |                                                     [X]Dementia infantalis |        5 |
     |----------------------------------------------------------------------------------------------------------------------------------------------------------------|
     |                                                                            extern~t                                                                            |
     |                                                                                   1                                                                            |
     +----------------------------------------------------------------------------------------------------------------------------------------------------------------+

     +----------------------------------------------------------------------------------------------------------------------------------------------------------------+
362. |         medcodeid | snomedctdescri~d | snomedctconce~d | originalrea~e |                                                                       term | observ~s |
     |  5548281000006118 |        408657014 |       273323004 | ^ESCTBL554828 |                                              Blessed dementia rating scale |        4 |
     |----------------------------------------------------------------------------------------------------------------------------------------------------------------|
     |                                                                            extern~t                                                                            |
     |                                                                                   .                                                                            |
     +----------------------------------------------------------------------------------------------------------------------------------------------------------------+

     +----------------------------------------------------------------------------------------------------------------------------------------------------------------+
366. |         medcodeid | snomedctdescri~d | snomedctconce~d | originalrea~e |                                                                       term | observ~s |
     |  3454551000006117 |       2838433019 |        58756001 | ^ESCTHU345455 |                                                          Huntington chorea |        4 |
     |----------------------------------------------------------------------------------------------------------------------------------------------------------------|
     |                                                                            extern~t                                                                            |
     |                                                                                   1                                                                            |
     +----------------------------------------------------------------------------------------------------------------------------------------------------------------+

     +----------------------------------------------------------------------------------------------------------------------------------------------------------------+
367. |         medcodeid | snomedctdescri~d | snomedctconce~d | originalrea~e |                                                                       term | observ~s |
     |  7515071000006112 |       2981630018 |       698949001 | ^ESCTDE751507 |                                                      Dementia in remission |        4 |
     |----------------------------------------------------------------------------------------------------------------------------------------------------------------|
     |                                                                            extern~t                                                                            |
     |                                                                                   1                                                                            |
     +----------------------------------------------------------------------------------------------------------------------------------------------------------------+

     +----------------------------------------------------------------------------------------------------------------------------------------------------------------+
386. |         medcodeid | snomedctdescri~d | snomedctconce~d | originalrea~e |                                                                       term | observ~s |
     |  7963881000006114 |       3482645017 |       734076008 | ^ESCTDI796388 |         Diffuse large B-cell lymphoma associated with chronic inflammation |        3 |
     |----------------------------------------------------------------------------------------------------------------------------------------------------------------|
     |                                                                            extern~t                                                                            |
     |                                                                                   1                                                                            |
     +----------------------------------------------------------------------------------------------------------------------------------------------------------------+

     +----------------------------------------------------------------------------------------------------------------------------------------------------------------+
406. |         medcodeid | snomedctdescri~d | snomedctconce~d | originalrea~e |                                                                       term | observ~s |
     |  2854631000006113 |        481282014 |        22255007 | ^ESCTMU285463 |                                             Multifocal leucoencephalopathy |        2 |
     |----------------------------------------------------------------------------------------------------------------------------------------------------------------|
     |                                                                            extern~t                                                                            |
     |                                                                                   1                                                                            |
     +----------------------------------------------------------------------------------------------------------------------------------------------------------------+

     +----------------------------------------------------------------------------------------------------------------------------------------------------------------+
414. |         medcodeid | snomedctdescri~d | snomedctconce~d | originalrea~e |                                                                       term | observ~s |
     |  7771441000006116 |       3310475018 |       718372000 | ^ESCTAS777144 |                            Assessment using CDR (Clinical Dementia Rating) |        2 |
     |----------------------------------------------------------------------------------------------------------------------------------------------------------------|
     |                                                                            extern~t                                                                            |
     |                                                                                   .                                                                            |
     +----------------------------------------------------------------------------------------------------------------------------------------------------------------+

     +----------------------------------------------------------------------------------------------------------------------------------------------------------------+
422. |         medcodeid | snomedctdescri~d | snomedctconce~d | originalrea~e |                                                                       term | observ~s |
     | 12106361000006116 |       3672958017 |  10171000132106 |  ^ESCT1210636 |                                                  Neuropsychiatric symptoms |        1 |
     |----------------------------------------------------------------------------------------------------------------------------------------------------------------|
     |                                                                            extern~t                                                                            |
     |                                                                                   1                                                                            |
     +----------------------------------------------------------------------------------------------------------------------------------------------------------------+

     +----------------------------------------------------------------------------------------------------------------------------------------------------------------+
451. |         medcodeid | snomedctdescri~d | snomedctconce~d | originalrea~e |                                                                       term | observ~s |
     |  2854601000006117 |         37365019 |        22255007 | ^ESCTPR285460 |                                 Progressive multifocal leukoencephalopathy |        1 |
     |----------------------------------------------------------------------------------------------------------------------------------------------------------------|
     |                                                                            extern~t                                                                            |
     |                                                                                   1                                                                            |
     +----------------------------------------------------------------------------------------------------------------------------------------------------------------+

     +----------------------------------------------------------------------------------------------------------------------------------------------------------------+
475. |         medcodeid | snomedctdescri~d | snomedctconce~d | originalrea~e |                                                                       term | observ~s |
     |  7794741000006116 |       3315873017 |       720021000 | ^ESCTSH779474 |                     Shared care prescribing protocol of drugs for dementia |        1 |
     |----------------------------------------------------------------------------------------------------------------------------------------------------------------|
     |                                                                            extern~t                                                                            |
     |                                                                                   .                                                                            |
     +----------------------------------------------------------------------------------------------------------------------------------------------------------------+

     +----------------------------------------------------------------------------------------------------------------------------------------------------------------+
476. |         medcodeid | snomedctdescri~d | snomedctconce~d | originalrea~e |                                                                       term | observ~s |
     |  7798771000006115 |       3319757010 |       720204003 | ^ESCTCL779877 |                                             Clinical Dementia Rating score |        1 |
     |----------------------------------------------------------------------------------------------------------------------------------------------------------------|
     |                                                                            extern~t                                                                            |
     |                                                                                   .                                                                            |
     +----------------------------------------------------------------------------------------------------------------------------------------------------------------+

. drop if remove == 1 & external_codelist != 1
(5 observations deleted)

. 
. //List disagreements between my list and external lists
. replace exclude = 1 if remove == 1
(22 real changes made)

. list observations term /*lshtm_* oc_**/ if exclude == 1 & external_codelist == 1

     +---------------------------------------------------------------------------------------+
     | observ~s                                                                         term |
     |---------------------------------------------------------------------------------------|
 16. |   100000                                                      Acute confusional state |
 17. |   100000                                                                     Delirium |
 24. |    60000                                                          Huntington's chorea |
 52. |    10000                                                  Acute confusional state NOS |
 94. |     3000                                                     Delirium - acute organic |
     |---------------------------------------------------------------------------------------|
125. |     1000                                   Progressive multifocal leucoencephalopathy |
129. |     1000                                                  [X]Delirium of mixed origin |
154. |      500                                                            Amnestic disorder |
170. |      400                       [X]Delirium not superimposed on dementia, so described |
177. |      400                                         CDR (Clinical Dementia Rating) score |
     |---------------------------------------------------------------------------------------|
182. |      300                             PML - Progressive multifocal leukoencephalopathy |
188. |      300                                                              Reye's syndrome |
198. |      200                                        [X]Korsakov's psychosis, nonalcoholic |
276. |       30   DLBCL (diffuse large B-cell lymphoma) associated with chronic inflammation |
337. |        6                                                             Amnesic syndrome |
     |---------------------------------------------------------------------------------------|
349. |        5                                                       [X]Dementia infantalis |
364. |        4                                                            Huntington chorea |
365. |        4                                                        Dementia in remission |
384. |        3           Diffuse large B-cell lymphoma associated with chronic inflammation |
404. |        2                                               Multifocal leucoencephalopathy |
     |---------------------------------------------------------------------------------------|
419. |        1                                                    Neuropsychiatric symptoms |
448. |        1                                   Progressive multifocal leukoencephalopathy |
     +---------------------------------------------------------------------------------------+

. 
. // COMMENT HERE
. // They can go, but need to be aware that external list codes have been removed.
. 
. drop if exclude == 1
(22 observations deleted)

. drop exclude /**/ /*ANY OTHER EXCLUSION CATEGORIES*/ /**/ remove

. 
. //External codes that I didn't find
. list medcodeid term /**_ext lshtm_* oc_**/ ///
>         if dementia != 1 & external_codelist == 1

. 
. // COMMENT HERE
. // None.
. 
. compress
  (0 bytes saved)

. tab1 /**/dementia/**/

-> tabulation of dementia  

   dementia |      Freq.     Percent        Cum.
------------+-----------------------------------
          1 |        457      100.00      100.00
------------+-----------------------------------
      Total |        457      100.00

. 
. 
. // (OPTIONAL) STEP 5. USE ANOTHER SEARCH TO AUTOMATE THE CATEGORISATION OF CODES
. //===============================================================================
. /*
> //Comment out this section if not required.
> 
> // **Search terms for each categorisation desired**
> local cat1 " "*cat1*" "
> local cat2 " "*cat2*" "
> 
> //Search for codes
> foreach categoryterm in /**/cat1 cat2/**/ {
>         
>         gen byte `categoryterm' = .
>         
>         foreach codeterm in lower(term) {
>                 
>                 foreach searchterm in ``categoryterm'' {                
>                         
>                         replace `categoryterm' = 1 if strmatch(`codeterm', "`searchterm'")
>                 }
>         }
> }
> 
> tab1 cat1 cat2
> gsort cat1 cat2
> */
. 
. // STEP 6. USE THE SNOMED CT CONCEPT ID TO FIND ADDITIONAL SYNONYMOUS TERMS
. //==========================================================================
. 
. //Check for missing SNOMED CT Concepts
. codebook snomedctconceptid

--------------------------------------------------------------------------------------------------------------------------------------------------------------------------------
snomedctconceptid                                                                                                                                              SnomedCTConceptId
--------------------------------------------------------------------------------------------------------------------------------------------------------------------------------

                  Type: String (str17)

         Unique values: 323                       Missing "": 0/457

              Examples: "192794001"
                        "1973221000006102"
                        "312991009"
                        "715284000"

. assert !missing(snomedctconceptid)

. 
. count
  457

. 
. //Make a note of current list
. preserve

.         keep medcodeid external_codelist lshtm_* hdruk_* oc_* ///
>                 /**/dementia dementia_cat/**/

.         gen byte original = 1

.         tempfile original

.         save `original'
file C:\Users\rmjlton.AD\AppData\Local\Temp\ST_16f8_00000p.tmp saved as .dta format

. restore

. 
. //Merge SNOMED CT Concepts with medical dictionary
. keep snomedctconceptid /**/dementia/**/

. bysort snomedctconceptid: keep if _n == 1
(134 observations deleted)

. 
. merge 1:m snomedctconceptid using `medical', nogenerate keep(match)
(variable snomedctconceptid was str17, now str18 to accommodate using data's values)

    Result                      Number of obs
    -----------------------------------------
    Not matched                             0
    Matched                               464  
    -----------------------------------------

. compress
  variable snomedctconceptid was str18 now str17
  variable medcodeid was str18 now str17
  variable originalreadcode was str19 now str15
  variable snomedctdescriptionid was str18 now str16
  variable term was str233 now str127
  (52,896 bytes saved)

. 
. //Merge with original search results
. merge 1:1 medcodeid using `original', nogenerate

    Result                      Number of obs
    -----------------------------------------
    Not matched                             7
        from master                         7  
        from using                          0  

    Matched                               457  
    -----------------------------------------

. order medcodeid observations originalreadcode cleansedreadcode ///
>         snomedctconceptid snomedctdescriptionid term

. gsort /**/dementia/**/ originalreadcode

. 
. //Label new codes
. gen new_snomedct_synonym = (original != 1)

. drop original

. 
. //Show new codes
. foreach category of varlist /**/dementia/**/ {
  2.         
.         display "New terms found for: `category'"
  3.         list snomedctconceptid originalreadcode term if new_snomedct_synonym == 1 & `category' != .
  4. }
New terms found for: dementia

     +----------------------------------------------------------------------------------------+
     | snomedctconc~d   originalre~e                                                     term |
     |----------------------------------------------------------------------------------------|
 79. |        2776000           E030                                  Acute confusional state |
 80. |        2776000         E030-1                                 Delirium - acute organic |
 81. |        2776000          E030z                              Acute confusional state NOS |
225. |        2776000          Eu040   [X]Delirium not superimposed on dementia, so described |
228. |        2776000        Eu04y-1                              [X]Delirium of mixed origin |
     |----------------------------------------------------------------------------------------|
229. |        2776000          Eu04z                                                 Delirium |
290. | 10171000132106   ^ESCT1210636                                Neuropsychiatric symptoms |
     +----------------------------------------------------------------------------------------+

. 
. //Check new codes in the context of originally included SNOMED CT Concept ID codes
. preserve

.         keep if new_snomedct_synonym == 1
(457 observations deleted)

.         keep snomedctconceptid

.         bysort snomedctconceptid: keep if _n == 1
(5 observations deleted)

. 
.         count
  2

.         local obs = r(N)

. 
.         forvalues i = 1/`obs' {
  2.                 
.                 if `i' == 1 {
  3.                         
.                         local expanded_ids = snomedctconceptid in `i'
  4.                 }
  5.                 else {
  6.                         
.                         local expanded_ids = "`expanded_ids' " + snomedctconceptid in `i'
  7.                 }
  8.         }

. restore

. 
. foreach expanded_id of local expanded_ids {
  2.         
.         display "SNOMED CT Concept ID for which additional terms where found: `expanded_id'"
  3.         
.         list medcodeid originalreadcode term new_snomedct_synonym dementia ///
>                 external_codelist if snomedctconceptid == "`expanded_id'"
  4. }
SNOMED CT Concept ID for which additional terms where found: 10171000132106

     +-------------------------------------------------------------------------------------------------------------------------------+
     |         medcodeid   originalre~e                                                        term   new_sn~m   dementia   extern~t |
     |-------------------------------------------------------------------------------------------------------------------------------|
289. | 12106351000006118   ^ESCT1210635          Behavioural and psychological symptoms of dementia          0          1          1 |
290. | 12106361000006116   ^ESCT1210636                                   Neuropsychiatric symptoms          1          1          . |
291. | 12106371000006111   ^ESCT1210637    BPSD - behavioral and psychological symptoms of dementia          0          1          1 |
292. | 12106381000006114   ^ESCT1210638   BPSD - behavioural and psychological symptoms of dementia          0          1          1 |
293. | 12106391000006112   ^ESCT1210639           Behavioral and psychological symptoms of dementia          0          1          1 |
     +-------------------------------------------------------------------------------------------------------------------------------+
SNOMED CT Concept ID for which additional terms where found: 2776000

     +----------------------------------------------------------------------------------------------------------------------------+
     |        medcodeid   originalrea~e                                                     term   new_sn~m   dementia   extern~t |
     |----------------------------------------------------------------------------------------------------------------------------|
 79. |        483651010            E030                                  Acute confusional state          1          1          . |
 80. |  612521000006115          E030-1                                 Delirium - acute organic          1          1          . |
 81. |        294704013           E030z                              Acute confusional state NOS          1          1          . |
223. |  362201000006116          Eu04-1                       [X]Acute / subacute brain syndrome          0          1          1 |
224. |  362231000006112          Eu04-4                                   Acute organic reaction          0          1          1 |
     |----------------------------------------------------------------------------------------------------------------------------|
225. |        295713019           Eu040   [X]Delirium not superimposed on dementia, so described          1          1          . |
226. |        295714013           Eu041                     [X]Delirium superimposed on dementia          0          1          1 |
227. |        401831017           Eu04y                                        [X]Other delirium          0          1          1 |
228. |  376431000006118         Eu04y-1                              [X]Delirium of mixed origin          1          1          . |
229. |        295718011           Eu04z                                                 Delirium          1          1          . |
     |----------------------------------------------------------------------------------------------------------------------------|
316. | 2543161000006110   ^ESCTAC254316                            Acute psycho-organic syndrome          0          1          1 |
317. | 2543191000006119   ^ESCTAC254319                                     Acute brain syndrome          0          1          1 |
424. | 2543131000006118   ^ESCTOR254313                                   Organic brain syndrome          0          1          1 |
     +----------------------------------------------------------------------------------------------------------------------------+

. 
. //these don't seem quite right
. list medcodeid term if snomedctconceptid == "2776000"

     +---------------------------------------------------------------------------+
     |        medcodeid                                                     term |
     |---------------------------------------------------------------------------|
 79. |        483651010                                  Acute confusional state |
 80. |  612521000006115                                 Delirium - acute organic |
 81. |        294704013                              Acute confusional state NOS |
223. |  362201000006116                       [X]Acute / subacute brain syndrome |
224. |  362231000006112                                   Acute organic reaction |
     |---------------------------------------------------------------------------|
225. |        295713019   [X]Delirium not superimposed on dementia, so described |
226. |        295714013                     [X]Delirium superimposed on dementia |
227. |        401831017                                        [X]Other delirium |
228. |  376431000006118                              [X]Delirium of mixed origin |
229. |        295718011                                                 Delirium |
     |---------------------------------------------------------------------------|
316. | 2543161000006110                            Acute psycho-organic syndrome |
317. | 2543191000006119                                     Acute brain syndrome |
424. | 2543131000006118                                   Organic brain syndrome |
     +---------------------------------------------------------------------------+

. drop if snomedctconceptid == "2776000"
(13 observations deleted)

. 
. 
. // STEP 7. COMPARE LIST WITH PREVIOUS CODELIST
. //=============================================
. 
. //None - this is the first version of the codelist
. 
. 
. // STEP 8. EXPORT CODELIST FOR REVIEW BY A PRIMARY CARE CLINICIAN
. //================================================================
. 
. gsort /**/dementia/**/ -observations snomedctconceptid snomedctdescriptionid

. compress
  variable new_snomedct_synonym was float now byte
  (1,353 bytes saved)

. save `filename', replace
file dementia.dta saved

. export excel `filename'_raw.xlsx, firstrow(variables) replace
file dementia_raw.xlsx saved

. 
. //Format Excel file using Python
. python:
----------------------------------------------- python (type end to exit) ------------------------------------------------------------------------------------------------------
>>> from openpyxl import load_workbook, Workbook
>>> 
>>> excel_file = "`filename'_raw.xlsx"
>>> 
>>> wb = load_workbook(excel_file)
>>> ws = wb.active
>>> 
>>> # Freeze top row
... ws.freeze_panes = 'A2'
>>> 
>>> # Auto-size column widths
... for column in ws.columns:
...         max_length = 0
...         column_letter = column[0].column_letter
... 
...         for cell in column:
...                 try:
...                         if len(str(cell.value)) > max_length:
...                                 max_length = len(cell.value)
...                 except:
...                         pass
... 
...         adjusted_width = (max_length + 2) * 0.92   # this is a bit arbitrary
...         ws.column_dimensions[column_letter].width = adjusted_width
... 
>>> wb.save(excel_file)
>>> end
--------------------------------------------------------------------------------------------------------------------------------------------------------------------------------

. /*
> Make sure that reviewing clinician's initials are appended to the end of the file name after reviewing.
> 
> e.g. codelist_raw_ABC.xlsx
> */
. */
. 
. // STEP 9. RESTRICT CODELIST TO CODES APPROVED BY A CLINICIAN AND SAVE
. //=====================================================================
. 
. //Load clinician classifications
. local clinician "ABC"

. /* NOT CURRENTLY REVIEWED
> import excel `filename'_raw_`clinician', firstrow clear sheet("BP (value)")
> 
> //Remerge with original in case of any formatting issues with Excel spreadsheet
> keep medcodeid `clinician'
> 
> tempfile `clinician'_classification
> save ``clinician'_classification'
> 
> use `filename', clear
> 
> merge 1:1 medcodeid using ``clinician'_classification', nogenerate
> recode `clinician' (. = 0)
> 
> //Remove codes marked for exclusion by clinician
> display "Terms excluded by clinician..."
> list medcodeid snomedctconceptid term if `clinician' == 0
> drop if `clinician' == 0
> */
. //Save clinican approved codelist
. gsort /**/dementia/**/ -observations snomedctconceptid snomedctdescriptionid originalreadcode

. drop new_snomedct_synonym /*codestatus*/ /*`clinician'*/

. compress
  (0 bytes saved)

. save `filename', replace
file dementia.dta saved

. export delimited `filename', replace quote
file dementia.csv saved

. 
. 
. // STEP 10. GENERATE METADATA FILE
. //=================================
. 
. //=**Update details here, everything else is automated**========================
. local description "Dementia"

. local code_type "medcodeid (SNOMED CT)"

. local database "CPRD Aurum"

. local database_version = ym(real(substr("`aurum_build'", 1, 4)), ///
>                                                         real(substr("`aurum_build'", 5, 2)))

. local author "Philip Stone"

. local date = ym(2025, 3)  //year, month

. local clinical_reviewer ""

. local date_approved = . //year, month

. local notes "Created for PRIORITY study"

. local keywords "alzheimer's, lewy body"

. //==============================================================================
. 
. clear

. gen v1 = ""

. gen v2 = .

. format %tmMon_CCYY v2

. set obs 10
Number of observations (_N) was 0, now 10.

. 
. replace v1 = "`description'" in 1
variable v1 was str1 now str8
(1 real change made)

. replace v1 = "`code_type'" in 2
variable v1 was str8 now str21
(1 real change made)

. replace v1 = "`database'" in 3
(1 real change made)

. replace v2 = `database_version' in 4
(1 real change made)

. replace v1 = "`author'" in 5
(1 real change made)

. replace v2 = `date' in 6
(1 real change made)

. replace v1 = "`clinical_reviewer'" in 7
(0 real changes made)

. replace v2 = `date_approved' in 8
(0 real changes made)

. replace v1 = "`notes'" in 9
variable v1 was str21 now str26
(1 real change made)

. replace v1 = "`keywords'" in 10
(1 real change made)

. 
. tostring v2, replace usedisplayformat force
v2 was float now str8
v2 was forced to string; some loss of information

. replace v1 = v2 in 4
(1 real change made)

. replace v1 = v2 in 6
(1 real change made)

. replace v1 = v2 in 8
(1 real change made)

. drop v2

. 
. export delimited "`filename'.meta", replace novarnames delimiter(tab)
file dementia.meta saved

. 
. 
. use "`filename'", clear  //So that you can see results of search after do file run

. 
. 
. log close
      name:  <unnamed>
       log:  C:\Users\rmjlton.AD\Documents\GitHub\priority\codelists\dementia.log
  log type:  text
 closed on:  14 May 2025, 05:01:42
--------------------------------------------------------------------------------------------------------------------------------------------------------------------------------
