--------------------------------------------------------------------------------------------------------------------------------------------------------------------------------
      name:  <unnamed>
       log:  C:\Users\rmjlton\GitHub\priority\codelists\ethnicity.log
  log type:  text
 opened on:   4 Dec 2024, 02:03:42

. 
. 
. //= CPRD LOOKUP LOCATION - would be good to get this in a shared location ======
. 
. //*Directory of medical dictionary*
. local browser_dir "C:/Users/rmjlton/OneDrive - University College London/PRIORITY/lookups/`aurum_build'_Lookups_CPRDAurum"

. 
. //*Directory of label lookups*
. local lookup_dir "C:/Users/rmjlton/OneDrive - University College London/PRIORITY/lookups/`aurum_build'_Lookups_CPRDAurum"

. 
. //==============================================================================
. 
. //Import latest medical browser; force medcodeid, SNOMED CT Description ID, and SNOMED CT Concept ID to be string
. //import delimited "`browser_dir'/CPRDAurumMedical.txt", stringcols(1 6 7) favorstrfixed
. import delimited "`browser_dir'/`aurum_build'_EMISMedicalDictionary.txt", stringcols(1 6 7) favorstrfixed
(encoding automatically selected: UTF-8)
(9 vars, 240,999 obs)

. 
. //Drop useless variables
. drop release emiscodecategoryid

. 
. order medcodeid observations originalreadcode cleansedreadcode ///
>         snomedctconceptid snomedctdescriptionid term

. 
. //Save medical code browser to a tempfile
. tempfile medical

. save `medical'
file C:\Users\rmjlton\AppData\Local\Temp\ST_3c84_000001.tmp saved as .dta format

. 
. 
. //Import pre-existing codelists
. import delimited https://datacompass.lshtm.ac.uk/id/eprint/2102/65/ethnicity_aurum_may20.txt, stringcols(1) clear
(encoding automatically selected: ISO-8859-1)
(4 vars, 263 obs)

. 
. drop eth16

. 
. local name "lshtm_2102"

. 
. rename term term_`name'

. rename eth5 eth5_`name'

. 
. compress
  (0 bytes saved)

. tempfile `name'

. save ``name''
file C:\Users\rmjlton\AppData\Local\Temp\ST_3c84_000002.tmp saved as .dta format

. 
. import delimited https://datacompass.lshtm.ac.uk/id/eprint/4214/24/covariate_ethniciity_aurum.txt, stringcols(1) favorstrfixed clear
(encoding automatically selected: ISO-8859-1)
(3 vars, 290 obs)

. 
. //merge with previous list
. merge 1:1 medcodeid using `lshtm_2102'

    Result                      Number of obs
    -----------------------------------------
    Not matched                            57
        from master                        42  (_merge==1)
        from using                         15  (_merge==2)

    Matched                               248  (_merge==3)
    -----------------------------------------

. 
. //check for differences
. list medcodeid term term_lshtm_2102 if lower(term) != lower(term_lshtm_2102) & _merge == 3

     +--------------------------------------------------------------------------------------------------------------------------------------------------------------+
 85. |        medcodeid |                                                                                                                                      term |
     |  196601000006113 |                                                                                                                            afro-caribbean |
     |--------------------------------------------------------------------------------------------------------------------------------------------------------------|
     |                                                                                              term_lshtm_2102                                                 |
     |                                                                                         race: afro-caribbean                                                 |
     +--------------------------------------------------------------------------------------------------------------------------------------------------------------+

     +--------------------------------------------------------------------------------------------------------------------------------------------------------------+
 86. |        medcodeid |                                                                                                                                      term |
     |  196611000006111 |                                                                                                                            afro-caucasian |
     |--------------------------------------------------------------------------------------------------------------------------------------------------------------|
     |                                                                                              term_lshtm_2102                                                 |
     |                                                                                         race: afro-caucasian                                                 |
     +--------------------------------------------------------------------------------------------------------------------------------------------------------------+

     +--------------------------------------------------------------------------------------------------------------------------------------------------------------+
 89. |        medcodeid |                                                                                                                                      term |
     |  196641000006110 |                                                                                                                            caucasian race |
     |--------------------------------------------------------------------------------------------------------------------------------------------------------------|
     |                                                                                              term_lshtm_2102                                                 |
     |                                                                                              race: caucasian                                                 |
     +--------------------------------------------------------------------------------------------------------------------------------------------------------------+

     +--------------------------------------------------------------------------------------------------------------------------------------------------------------+
 94. |        medcodeid |                                                                                                                                      term |
     | 1968051000006116 |                          white: english or welsh or scottish or northern irish or british - england and wales ethnic category 2011 census |
     |--------------------------------------------------------------------------------------------------------------------------------------------------------------|
     |                                                                                              term_lshtm_2102                                                 |
     |                                                 white:eng/welsh/scot/ni/brit - england and wales 2011 census                                                 |
     +--------------------------------------------------------------------------------------------------------------------------------------------------------------+

     +--------------------------------------------------------------------------------------------------------------------------------------------------------------+
 95. |        medcodeid |                                                                                                                                      term |
     | 1968071000006114 |                                                           white: gypsy or irish traveller - england and wales ethnic category 2011 census |
     |--------------------------------------------------------------------------------------------------------------------------------------------------------------|
     |                                                                                              term_lshtm_2102                                                 |
     |                                                 white: gypsy/irish traveller - eng+wales eth cat 2011 census                                                 |
     +--------------------------------------------------------------------------------------------------------------------------------------------------------------+

     +--------------------------------------------------------------------------------------------------------------------------------------------------------------+
 96. |        medcodeid |                                                                                                                                      term |
     | 1968081000006112 |                                                         white: any other white background - england and wales ethnic category 2011 census |
     |--------------------------------------------------------------------------------------------------------------------------------------------------------------|
     |                                                                                              term_lshtm_2102                                                 |
     |                                                 white: other white backgrd- eng+wales ethnic cat 2011 census                                                 |
     +--------------------------------------------------------------------------------------------------------------------------------------------------------------+

     +--------------------------------------------------------------------------------------------------------------------------------------------------------------+
 97. |        medcodeid |                                                                                                                                      term |
     | 1968091000006110 |                                   mixed multiple ethnic groups: white and black caribbean - england and wales ethnic category 2011 census |
     |--------------------------------------------------------------------------------------------------------------------------------------------------------------|
     |                                                                                              term_lshtm_2102                                                 |
     |                                                 mixed: white+black caribbean - eng+wales eth cat 2011 census                                                 |
     +--------------------------------------------------------------------------------------------------------------------------------------------------------------+

     +--------------------------------------------------------------------------------------------------------------------------------------------------------------+
 98. |        medcodeid |                                                                                                                                      term |
     | 1968101000006116 |                                     mixed multiple ethnic groups: white and black african - england and wales ethnic category 2011 census |
     |--------------------------------------------------------------------------------------------------------------------------------------------------------------|
     |                                                                                              term_lshtm_2102                                                 |
     |                                                   mixed: white+black african - eng+wales eth cat 2011 census                                                 |
     +--------------------------------------------------------------------------------------------------------------------------------------------------------------+

     +--------------------------------------------------------------------------------------------------------------------------------------------------------------+
 99. |        medcodeid |                                                                                                                                      term |
     | 1968111000006118 |                                             mixed multiple ethnic groups: white and asian - england and wales ethnic category 2011 census |
     |--------------------------------------------------------------------------------------------------------------------------------------------------------------|
     |                                                                                              term_lshtm_2102                                                 |
     |                                                   mixed: white+asian - eng+wales ethnic category 2011 census                                                 |
     +--------------------------------------------------------------------------------------------------------------------------------------------------------------+

     +--------------------------------------------------------------------------------------------------------------------------------------------------------------+
101. |        medcodeid |                                                                                                                                      term |
     | 1968131000006112 |                                                            asian or asian british: indian - england and wales ethnic category 2011 census |
     |--------------------------------------------------------------------------------------------------------------------------------------------------------------|
     |                                                                                              term_lshtm_2102                                                 |
     |                                                  asian/asian brit: indian - eng+wales ethnic cat 2011 census                                                 |
     +--------------------------------------------------------------------------------------------------------------------------------------------------------------+

     +--------------------------------------------------------------------------------------------------------------------------------------------------------------+
102. |        medcodeid |                                                                                                                                      term |
     | 1968141000006119 |                                                         asian or asian british: pakistani - england and wales ethnic category 2011 census |
     |--------------------------------------------------------------------------------------------------------------------------------------------------------------|
     |                                                                                              term_lshtm_2102                                                 |
     |                                                 asian/asian british:pakistani- eng+wales eth cat 2011 census                                                 |
     +--------------------------------------------------------------------------------------------------------------------------------------------------------------+

     +--------------------------------------------------------------------------------------------------------------------------------------------------------------+
103. |        medcodeid |                                                                                                                                      term |
     | 1968151000006117 |                                                       asian or asian british: bangladeshi - england and wales ethnic category 2011 census |
     |--------------------------------------------------------------------------------------------------------------------------------------------------------------|
     |                                                                                              term_lshtm_2102                                                 |
     |                                                 asian/asian brit: bangladeshi- eng+wales eth cat 2011 census                                                 |
     +--------------------------------------------------------------------------------------------------------------------------------------------------------------+

     +--------------------------------------------------------------------------------------------------------------------------------------------------------------+
104. |        medcodeid |                                                                                                                                      term |
     | 1968161000006115 |                                                           asian or asian british: chinese - england and wales ethnic category 2011 census |
     |--------------------------------------------------------------------------------------------------------------------------------------------------------------|
     |                                                                                              term_lshtm_2102                                                 |
     |                                                 asian/asian brit: chinese - eng+wales ethnic cat 2011 census                                                 |
     +--------------------------------------------------------------------------------------------------------------------------------------------------------------+

     +--------------------------------------------------------------------------------------------------------------------------------------------------------------+
105. |        medcodeid |                                                                                                                                      term |
     | 1968171000006110 |                                        asian or asian british: any other asian background - england and wales ethnic category 2011 census |
     |--------------------------------------------------------------------------------------------------------------------------------------------------------------|
     |                                                                                              term_lshtm_2102                                                 |
     |                                                 asian/asian brit: other asian- eng+wales eth cat 2011 census                                                 |
     +--------------------------------------------------------------------------------------------------------------------------------------------------------------+

     +--------------------------------------------------------------------------------------------------------------------------------------------------------------+
106. |        medcodeid |                                                                                                                                      term |
     | 1968181000006113 |                                   black or african or caribbean or black british: african - england and wales ethnic category 2011 census |
     |--------------------------------------------------------------------------------------------------------------------------------------------------------------|
     |                                                                                              term_lshtm_2102                                                 |
     |                                                 black/african/carib/black brit: african- eng+wales 2011 cens                                                 |
     +--------------------------------------------------------------------------------------------------------------------------------------------------------------+

     +--------------------------------------------------------------------------------------------------------------------------------------------------------------+
107. |        medcodeid |                                                                                                                                      term |
     | 1968191000006111 |                                 black or african or caribbean or black british: caribbean - england and wales ethnic category 2011 census |
     |--------------------------------------------------------------------------------------------------------------------------------------------------------------|
     |                                                                                              term_lshtm_2102                                                 |
     |                                                 black/african/caribbn/black brit: caribbean - eng+wales 2011                                                 |
     +--------------------------------------------------------------------------------------------------------------------------------------------------------------+

     +--------------------------------------------------------------------------------------------------------------------------------------------------------------+
109. |        medcodeid |                                                                                                                                      term |
     | 1968211000006112 |                                                                  other ethnic group: arab - england and wales ethnic category 2011 census |
     |--------------------------------------------------------------------------------------------------------------------------------------------------------------|
     |                                                                                              term_lshtm_2102                                                 |
     |                                                  other ethnic group: arab - eng+wales ethnic cat 2011 census                                                 |
     +--------------------------------------------------------------------------------------------------------------------------------------------------------------+

     +--------------------------------------------------------------------------------------------------------------------------------------------------------------+
110. |        medcodeid |                                                                                                                                      term |
     | 1968221000006116 |                                                other ethnic group: any other ethnic group - england and wales ethnic category 2011 census |
     |--------------------------------------------------------------------------------------------------------------------------------------------------------------|
     |                                                                                              term_lshtm_2102                                                 |
     |                                                  other ethnic: any other grp - eng+wales eth cat 2011 census                                                 |
     +--------------------------------------------------------------------------------------------------------------------------------------------------------------+

     +--------------------------------------------------------------------------------------------------------------------------------------------------------------+
111. |        medcodeid |                                                                                                                                      term |
     | 1968251000006113 |                                                                            irish traveller - northern ireland ethnic category 2011 census |
     |--------------------------------------------------------------------------------------------------------------------------------------------------------------|
     |                                                                                              term_lshtm_2102                                                 |
     |                                                    irish traveller - northern ireland ethnic cat 2011 census                                                 |
     +--------------------------------------------------------------------------------------------------------------------------------------------------------------+

     +--------------------------------------------------------------------------------------------------------------------------------------------------------------+
112. |        medcodeid |                                                                                                                                      term |
     | 1968261000006110 |                                    mixed multiple ethnic groups: white and black caribbean - northern ireland ethnic category 2011 census |
     |--------------------------------------------------------------------------------------------------------------------------------------------------------------|
     |                                                                                              term_lshtm_2102                                                 |
     |                                                 mixed: white and black caribbean - ni ethnic cat 2011 census                                                 |
     +--------------------------------------------------------------------------------------------------------------------------------------------------------------+

     +--------------------------------------------------------------------------------------------------------------------------------------------------------------+
113. |        medcodeid |                                                                                                                                      term |
     | 1968271000006115 |                                      mixed multiple ethnic groups: white and black african - northern ireland ethnic category 2011 census |
     |--------------------------------------------------------------------------------------------------------------------------------------------------------------|
     |                                                                                              term_lshtm_2102                                                 |
     |                                                   mixed: white and black african - ni ethnic cat 2011 census                                                 |
     +--------------------------------------------------------------------------------------------------------------------------------------------------------------+

     +--------------------------------------------------------------------------------------------------------------------------------------------------------------+
114. |        medcodeid |                                                                                                                                      term |
     | 1968281000006117 |                                              mixed multiple ethnic groups: white and asian - northern ireland ethnic category 2011 census |
     |--------------------------------------------------------------------------------------------------------------------------------------------------------------|
     |                                                                                              term_lshtm_2102                                                 |
     |                                                      mixed: white and asian - ni ethnic category 2011 census                                                 |
     +--------------------------------------------------------------------------------------------------------------------------------------------------------------+

     +--------------------------------------------------------------------------------------------------------------------------------------------------------------+
115. |        medcodeid |                                                                                                                                      term |
     | 1968291000006119 |                mixed multiple ethnic groups: any other mixed or multiple ethnic background - northern ireland ethnic category 2011 census |
     |--------------------------------------------------------------------------------------------------------------------------------------------------------------|
     |                                                                                              term_lshtm_2102                                                 |
     |                                                  mixed: other mixed/multiple ethnic backgrd - ni 2011 census                                                 |
     +--------------------------------------------------------------------------------------------------------------------------------------------------------------+

     +--------------------------------------------------------------------------------------------------------------------------------------------------------------+
116. |        medcodeid |                                                                                                                                      term |
     | 1968301000006118 |                                                             asian or asian british: indian - northern ireland ethnic category 2011 census |
     |--------------------------------------------------------------------------------------------------------------------------------------------------------------|
     |                                                                                              term_lshtm_2102                                                 |
     |                                                   asian or asian british: indian - ni ethnic cat 2011 census                                                 |
     +--------------------------------------------------------------------------------------------------------------------------------------------------------------+

     +--------------------------------------------------------------------------------------------------------------------------------------------------------------+
117. |        medcodeid |                                                                                                                                      term |
     | 1968311000006115 |                                                          asian or asian british: pakistani - northern ireland ethnic category 2011 census |
     |--------------------------------------------------------------------------------------------------------------------------------------------------------------|
     |                                                                                              term_lshtm_2102                                                 |
     |                                                   asian/asian british: pakistani - ni ethnic cat 2011 census                                                 |
     +--------------------------------------------------------------------------------------------------------------------------------------------------------------+

     +--------------------------------------------------------------------------------------------------------------------------------------------------------------+
118. |        medcodeid |                                                                                                                                      term |
     | 1968321000006111 |                                                        asian or asian british: bangladeshi - northern ireland ethnic category 2011 census |
     |--------------------------------------------------------------------------------------------------------------------------------------------------------------|
     |                                                                                              term_lshtm_2102                                                 |
     |                                                 asian/asian british: bangladeshi - ni ethnic cat 2011 census                                                 |
     +--------------------------------------------------------------------------------------------------------------------------------------------------------------+

     +--------------------------------------------------------------------------------------------------------------------------------------------------------------+
119. |        medcodeid |                                                                                                                                      term |
     | 1968331000006114 |                                                            asian or asian british: chinese - northern ireland ethnic category 2011 census |
     |--------------------------------------------------------------------------------------------------------------------------------------------------------------|
     |                                                                                              term_lshtm_2102                                                 |
     |                                                     asian/asian british: chinese - ni ethnic cat 2011 census                                                 |
     +--------------------------------------------------------------------------------------------------------------------------------------------------------------+

     +--------------------------------------------------------------------------------------------------------------------------------------------------------------+
120. |        medcodeid |                                                                                                                                      term |
     | 1968341000006116 |                                         asian or asian british: any other asian background - northern ireland ethnic category 2011 census |
     |--------------------------------------------------------------------------------------------------------------------------------------------------------------|
     |                                                                                              term_lshtm_2102                                                 |
     |                                                 asian/asian british: other asian - ni ethnic cat 2011 census                                                 |
     +--------------------------------------------------------------------------------------------------------------------------------------------------------------+

     +--------------------------------------------------------------------------------------------------------------------------------------------------------------+
121. |        medcodeid |                                                                                                                                      term |
     | 1968351000006119 |                                    black or african or caribbean or black british: african - northern ireland ethnic category 2011 census |
     |--------------------------------------------------------------------------------------------------------------------------------------------------------------|
     |                                                                                              term_lshtm_2102                                                 |
     |                                                 black/afri/carib/black brit: african- ni eth cat 2011 census                                                 |
     +--------------------------------------------------------------------------------------------------------------------------------------------------------------+

     +--------------------------------------------------------------------------------------------------------------------------------------------------------------+
122. |        medcodeid |                                                                                                                                      term |
     | 1968361000006117 |                                  black or african or caribbean or black british: caribbean - northern ireland ethnic category 2011 census |
     |--------------------------------------------------------------------------------------------------------------------------------------------------------------|
     |                                                                                              term_lshtm_2102                                                 |
     |                                                 black/afri/carib/black brit: caribbean- ni eth cat 2011 cens                                                 |
     +--------------------------------------------------------------------------------------------------------------------------------------------------------------+

     +--------------------------------------------------------------------------------------------------------------------------------------------------------------+
124. |        medcodeid |                                                                                                                                      term |
     | 1968381000006110 |                                                                   other ethnic group: arab - northern ireland ethnic category 2011 census |
     |--------------------------------------------------------------------------------------------------------------------------------------------------------------|
     |                                                                                              term_lshtm_2102                                                 |
     |                                                    other ethnic group: arab - ni ethnic category 2011 census                                                 |
     +--------------------------------------------------------------------------------------------------------------------------------------------------------------+

     +--------------------------------------------------------------------------------------------------------------------------------------------------------------+
125. |        medcodeid |                                                                                                                                      term |
     | 1968391000006113 |                                                 other ethnic group: any other ethnic group - northern ireland ethnic category 2011 census |
     |--------------------------------------------------------------------------------------------------------------------------------------------------------------|
     |                                                                                              term_lshtm_2102                                                 |
     |                                                 other ethnic group: any other grp- ni ethnic cat 2011 census                                                 |
     +--------------------------------------------------------------------------------------------------------------------------------------------------------------+

     +--------------------------------------------------------------------------------------------------------------------------------------------------------------+
126. |        medcodeid |                                                                                                                                      term |
     | 1968461000006111 |                                                                white: any other white ethnic group - scotland ethnic category 2011 census |
     |--------------------------------------------------------------------------------------------------------------------------------------------------------------|
     |                                                                                              term_lshtm_2102                                                 |
     |                                                 white: other white ethnic grp- scotland ethnic cat 2011 cens                                                 |
     +--------------------------------------------------------------------------------------------------------------------------------------------------------------+

     +--------------------------------------------------------------------------------------------------------------------------------------------------------------+
127. |        medcodeid |                                                                                                                                      term |
     | 1968471000006116 |                                mixed or multiple ethnic groups: any mixed or multiple ethnic group - scotland ethnic category 2011 census |
     |--------------------------------------------------------------------------------------------------------------------------------------------------------------|
     |                                                                                              term_lshtm_2102                                                 |
     |                                                 mixed/multiple ethnic grps: any- scot ethnic cat 2011 census                                                 |
     +--------------------------------------------------------------------------------------------------------------------------------------------------------------+

     +--------------------------------------------------------------------------------------------------------------------------------------------------------------+
128. |        medcodeid |                                                                                                                                      term |
     | 1968481000006118 |       asian or asian scottish or asian british: pakistani, pakistani scottish or pakistani british - scotland ethnic category 2011 census |
     |--------------------------------------------------------------------------------------------------------------------------------------------------------------|
     |                                                                                              term_lshtm_2102                                                 |
     |                                                    asian: pakistani/pakistani scot/pakistani brit- scot 2011                                                 |
     +--------------------------------------------------------------------------------------------------------------------------------------------------------------+

     +--------------------------------------------------------------------------------------------------------------------------------------------------------------+
129. |        medcodeid |                                                                                                                                      term |
     | 1968491000006115 |                asian or asian scottish or asian british: indian, indian scottish or indian british - scotland ethnic category 2011 census |
     |--------------------------------------------------------------------------------------------------------------------------------------------------------------|
     |                                                                                              term_lshtm_2102                                                 |
     |                                                 asian: indian, indian scot/indian brit- scotland 2011 census                                                 |
     +--------------------------------------------------------------------------------------------------------------------------------------------------------------+

     +--------------------------------------------------------------------------------------------------------------------------------------------------------------+
130. |        medcodeid |                                                                                                                                      term |
     | 1968501000006111 | asian or asian scottish or asian british: bangladeshi, bangladeshi scottish or bangladeshi british - scotland ethnic category 2011 census |
     |--------------------------------------------------------------------------------------------------------------------------------------------------------------|
     |                                                                                              term_lshtm_2102                                                 |
     |                                                 bangladeshi, bangladeshi scot or bangladeshi brit- scot 2011                                                 |
     +--------------------------------------------------------------------------------------------------------------------------------------------------------------+

     +--------------------------------------------------------------------------------------------------------------------------------------------------------------+
131. |        medcodeid |                                                                                                                                      term |
     | 1968511000006114 |                                                  asian or asian scottish or asian british: chinese - scotland ethnic category 2011 census |
     |--------------------------------------------------------------------------------------------------------------------------------------------------------------|
     |                                                                                              term_lshtm_2102                                                 |
     |                                                        asian: chinese - scotland ethnic category 2011 census                                                 |
     +--------------------------------------------------------------------------------------------------------------------------------------------------------------+

     +--------------------------------------------------------------------------------------------------------------------------------------------------------------+
132. |        medcodeid |                                                                                                                                      term |
     | 1968521000006118 |                                    asian or asian scottish or asian british: any other asian group - scotland ethnic category 2011 census |
     |--------------------------------------------------------------------------------------------------------------------------------------------------------------|
     |                                                                                              term_lshtm_2102                                                 |
     |                                                   asian: other asian group - scotland ethnic cat 2011 census                                                 |
     +--------------------------------------------------------------------------------------------------------------------------------------------------------------+

     +--------------------------------------------------------------------------------------------------------------------------------------------------------------+
133. |        medcodeid |                                                                                                                                      term |
     | 1968531000006115 |                                              african: african, african scottish or african british - scotland ethnic category 2011 census |
     |--------------------------------------------------------------------------------------------------------------------------------------------------------------|
     |                                                                                              term_lshtm_2102                                                 |
     |                                                   african: african/african scot/african brit - scotland 2011                                                 |
     +--------------------------------------------------------------------------------------------------------------------------------------------------------------+

     +--------------------------------------------------------------------------------------------------------------------------------------------------------------+
134. |        medcodeid |                                                                                                                                      term |
     | 1968541000006113 |                                                                         african: any other african - scotland ethnic category 2011 census |
     |--------------------------------------------------------------------------------------------------------------------------------------------------------------|
     |                                                                                              term_lshtm_2102                                                 |
     |                                                 african: any other african - scotland ethnic cat 2011 census                                                 |
     +--------------------------------------------------------------------------------------------------------------------------------------------------------------+

     +--------------------------------------------------------------------------------------------------------------------------------------------------------------+
135. |        medcodeid |                                                                                                                                      term |
     | 1968551000006110 |                             caribbean or black: caribbean, caribbean scottish or caribbean british - scotland ethnic category 2011 census |
     |--------------------------------------------------------------------------------------------------------------------------------------------------------------|
     |                                                                                              term_lshtm_2102                                                 |
     |                                                  carib/black: caribbean/carib scot/carib brit- scotland 2011                                                 |
     +--------------------------------------------------------------------------------------------------------------------------------------------------------------+

     +--------------------------------------------------------------------------------------------------------------------------------------------------------------+
137. |        medcodeid |                                                                                                                                      term |
     | 1968571000006117 |                                             caribbean or black: any other black or caribbean group - scotland ethnic category 2011 census |
     |--------------------------------------------------------------------------------------------------------------------------------------------------------------|
     |                                                                                              term_lshtm_2102                                                 |
     |                                                   carib/black: any other black/caribbean grp - scotland 2011                                                 |
     +--------------------------------------------------------------------------------------------------------------------------------------------------------------+

     +--------------------------------------------------------------------------------------------------------------------------------------------------------------+
138. |        medcodeid |                                                                                                                                      term |
     | 1968581000006119 |                                            other ethnic group: arab, arab scottish or arab british - scotland ethnic category 2011 census |
     |--------------------------------------------------------------------------------------------------------------------------------------------------------------|
     |                                                                                              term_lshtm_2102                                                 |
     |                                                 other ethnic grp: arab/arab scot/arab british- scotland 2011                                                 |
     +--------------------------------------------------------------------------------------------------------------------------------------------------------------+

     +--------------------------------------------------------------------------------------------------------------------------------------------------------------+
139. |        medcodeid |                                                                                                                                      term |
     | 1968591000006116 |                                                         other ethnic group: any other ethnic group - scotland ethnic category 2011 census |
     |--------------------------------------------------------------------------------------------------------------------------------------------------------------|
     |                                                                                              term_lshtm_2102                                                 |
     |                                                 other ethnic grp: any other ethnic grp- scotland 2011 census                                                 |
     +--------------------------------------------------------------------------------------------------------------------------------------------------------------+

     +--------------------------------------------------------------------------------------------------------------------------------------------------------------+
205. |        medcodeid |                                                                                                                                      term |
     |        286020010 |                                                                                                                      asian - ethnic group |
     |--------------------------------------------------------------------------------------------------------------------------------------------------------------|
     |                                                                                              term_lshtm_2102                                                 |
     |                                                                                                  other asian                                                 |
     +--------------------------------------------------------------------------------------------------------------------------------------------------------------+

     +--------------------------------------------------------------------------------------------------------------------------------------------------------------+
239. |        medcodeid |                                                                                                                                      term |
     |        456651012 |                                                                              refusal by patient to provide information about ethnic group |
     |--------------------------------------------------------------------------------------------------------------------------------------------------------------|
     |                                                                                              term_lshtm_2102                                                 |
     |                                                                     ethnic group not given - patient refused                                                 |
     +--------------------------------------------------------------------------------------------------------------------------------------------------------------+

     +--------------------------------------------------------------------------------------------------------------------------------------------------------------+
243. |        medcodeid |                                                                                                                                      term |
     |        459728018 |                                                                                                                      white - ethnic group |
     |--------------------------------------------------------------------------------------------------------------------------------------------------------------|
     |                                                                                              term_lshtm_2102                                                 |
     |                                                                                     other white ethnic group                                                 |
     +--------------------------------------------------------------------------------------------------------------------------------------------------------------+

     +--------------------------------------------------------------------------------------------------------------------------------------------------------------+
249. |        medcodeid |                                                                                                                                      term |
     |        459785017 |                                                                                                                              ethnic group |
     |--------------------------------------------------------------------------------------------------------------------------------------------------------------|
     |                                                                                              term_lshtm_2102                                                 |
     |                                                                                           other ethnic group                                                 |
     +--------------------------------------------------------------------------------------------------------------------------------------------------------------+

     +--------------------------------------------------------------------------------------------------------------------------------------------------------------+
265. |        medcodeid |                                                                                                                                      term |
     |  514651000006112 |                                                                                                   black east african asian/indo-caribbean |
     |--------------------------------------------------------------------------------------------------------------------------------------------------------------|
     |                                                                                              term_lshtm_2102                                                 |
     |                                                                               black e afric asia/indo-caribb                                                 |
     +--------------------------------------------------------------------------------------------------------------------------------------------------------------+

     +--------------------------------------------------------------------------------------------------------------------------------------------------------------+
272. |        medcodeid |                                                                                                                                      term |
     |  649261000006110 |                                                                                                                      ethnic group finding |
     |--------------------------------------------------------------------------------------------------------------------------------------------------------------|
     |                                                                                              term_lshtm_2102                                                 |
     |                                                                                       ethnic groups (census)                                                 |
     +--------------------------------------------------------------------------------------------------------------------------------------------------------------+

     +--------------------------------------------------------------------------------------------------------------------------------------------------------------+
280. |        medcodeid |                                                                                                                                      term |
     |  937301000006110 |                                                           baltic states (estonian or latvian or lithuanian) - ethnic category 2001 census |
     |--------------------------------------------------------------------------------------------------------------------------------------------------------------|
     |                                                                                              term_lshtm_2102                                                 |
     |                                                  baltic estonian/latvian/lithuanian - ethn categ 2001 census                                                 |
     +--------------------------------------------------------------------------------------------------------------------------------------------------------------+

     +--------------------------------------------------------------------------------------------------------------------------------------------------------------+
281. |        medcodeid |                                                                                                                                      term |
     |  937311000006113 |                                                                commonwealth of (russian) independent states - ethnic category 2001 census |
     |--------------------------------------------------------------------------------------------------------------------------------------------------------------|
     |                                                                                              term_lshtm_2102                                                 |
     |                                                 commonwealth (russian) indep states - ethn categ 2001 census                                                 |
     +--------------------------------------------------------------------------------------------------------------------------------------------------------------+

     +--------------------------------------------------------------------------------------------------------------------------------------------------------------+
282. |        medcodeid |                                                                                                                                      term |
     |  937371000006116 |                                                         other republics which made up the former yugoslavia - ethnic category 2001 census |
     |--------------------------------------------------------------------------------------------------------------------------------------------------------------|
     |                                                                                              term_lshtm_2102                                                 |
     |                                                 other republics former yugoslavia - ethnic categ 2001 census                                                 |
     +--------------------------------------------------------------------------------------------------------------------------------------------------------------+

     +--------------------------------------------------------------------------------------------------------------------------------------------------------------+
283. |        medcodeid |                                                                                                                                      term |
     |  937391000006115 |                                              other white european or european unspecified or mixed european - ethnic category 2001 census |
     |--------------------------------------------------------------------------------------------------------------------------------------------------------------|
     |                                                                                              term_lshtm_2102                                                 |
     |                                                  oth white european/european unsp/mixed european 2001 census                                                 |
     +--------------------------------------------------------------------------------------------------------------------------------------------------------------+

     +--------------------------------------------------------------------------------------------------------------------------------------------------------------+
284. |        medcodeid |                                                                                                                                      term |
     |  937411000006115 |                                                                            other white or white unspecified - ethnic category 2001 census |
     |--------------------------------------------------------------------------------------------------------------------------------------------------------------|
     |                                                                                              term_lshtm_2102                                                 |
     |                                                 other white or white unspecified ethnic category 2001 census                                                 |
     +--------------------------------------------------------------------------------------------------------------------------------------------------------------+

     +--------------------------------------------------------------------------------------------------------------------------------------------------------------+
285. |        medcodeid |                                                                                                                                      term |
     |  937511000006119 |                                                                            other mixed or mixed unspecified - ethnic category 2001 census |
     |--------------------------------------------------------------------------------------------------------------------------------------------------------------|
     |                                                                                              term_lshtm_2102                                                 |
     |                                                 other mixed or mixed unspecified ethnic category 2001 census                                                 |
     +--------------------------------------------------------------------------------------------------------------------------------------------------------------+

     +--------------------------------------------------------------------------------------------------------------------------------------------------------------+
286. |        medcodeid |                                                                                                                                      term |
     |  937541000006115 |                                                                          bangladeshi or british bangladeshi - ethnic category 2001 census |
     |--------------------------------------------------------------------------------------------------------------------------------------------------------------|
     |                                                                                              term_lshtm_2102                                                 |
     |                                                  bangladeshi or british bangladeshi - ethn categ 2001 census                                                 |
     +--------------------------------------------------------------------------------------------------------------------------------------------------------------+

     +--------------------------------------------------------------------------------------------------------------------------------------------------------------+
287. |        medcodeid |                                                                                                                                      term |
     |  937651000006117 |                                                                            other asian or asian unspecified - ethnic category 2001 census |
     |--------------------------------------------------------------------------------------------------------------------------------------------------------------|
     |                                                                                              term_lshtm_2102                                                 |
     |                                                 other asian or asian unspecified ethnic category 2001 census                                                 |
     +--------------------------------------------------------------------------------------------------------------------------------------------------------------+

     +--------------------------------------------------------------------------------------------------------------------------------------------------------------+
288. |        medcodeid |                                                                                                                                      term |
     |  937731000006115 |                                                                            other black or black unspecified - ethnic category 2001 census |
     |--------------------------------------------------------------------------------------------------------------------------------------------------------------|
     |                                                                                              term_lshtm_2102                                                 |
     |                                                 other black or black unspecified ethnic category 2001 census                                                 |
     +--------------------------------------------------------------------------------------------------------------------------------------------------------------+

     +--------------------------------------------------------------------------------------------------------------------------------------------------------------+
289. |        medcodeid |                                                                                                                                      term |
     |  937871000006114 |                                                        middle eastern (excluding israeli, iranian and arab) - ethnic category 2001 census |
     |--------------------------------------------------------------------------------------------------------------------------------------------------------------|
     |                                                                                              term_lshtm_2102                                                 |
     |                                                  mid east (excl israeli, iranian & arab) - eth cat 2001 cens                                                 |
     +--------------------------------------------------------------------------------------------------------------------------------------------------------------+

     +--------------------------------------------------------------------------------------------------------------------------------------------------------------+
290. |        medcodeid |                                                                                                                                      term |
     |  937941000006111 |                                    multi-ethnic islands: mauritian or seychellois or maldivian or st helena - ethnic category 2001 census |
     |--------------------------------------------------------------------------------------------------------------------------------------------------------------|
     |                                                                                              term_lshtm_2102                                                 |
     |                                                 mauritian/seychellois/maldivian/st helena eth cat 2001census                                                 |
     +--------------------------------------------------------------------------------------------------------------------------------------------------------------+

. list medcodeid eth5 eth5_lshtm_2102 if lower(eth5) != lower(eth5_lshtm_2102) & _merge == 3

. 
. //combine variables into one
. replace term_lshtm_2102 = term if _merge == 1
variable term_lshtm_2102 was str60 now str142
(42 real changes made)

. replace eth5_lshtm_2102 = eth5 if _merge == 1
(41 real changes made)

. 
. //limit to just medcodeid and ethnicity category
. keep medcodeid term_lshtm_2102 eth5_lshtm_2102

. 
. //encode ethnicity var
. encode eth5_lshtm_2102, generate(eth5)

. drop eth5_lshtm_2102

. 
. //Merge with version of CPRD medical dictionary used for study
. merge 1:1 medcodeid using `medical', update replace
(variable medcodeid was str16, now str18 to accommodate using data's values)

    Result                      Number of obs
    -----------------------------------------
    Not matched                       240,700
        from master                         3  (_merge==1)
        from using                    240,697  (_merge==2)

    Matched                               302
        not updated                       302  (_merge==3)
        missing updated                     0  (_merge==4)
        nonmissing conflict                 0  (_merge==5)
    -----------------------------------------

. drop if _merge == 2
(240,697 observations deleted)

. 
. //List terms not in this version of the Aurum medical dictionary
. list medcodeid term_lshtm_2102 eth5 if _merge == 1

     +----------------------------------------------------------------------+
     |        medcodeid                     term_lshtm_2102            eth5 |
     |----------------------------------------------------------------------|
278. | 5516681000006114   black caribbean/west india/guyana        2. Black |
284. | 6364801000006112                     ethnic category   5. Not Stated |
287. | 6591911000006117                       ethnic groups   5. Not Stated |
     +----------------------------------------------------------------------+

. drop if _merge == 1
(3 observations deleted)

. drop _merge term_lshtm_2102

. 
. order term eth5, last

. 
. tab eth5, missing

          eth5 |      Freq.     Percent        Cum.
---------------+-----------------------------------
      0. White |         78       25.83       25.83
1. South Asian |         47       15.56       41.39
      2. Black |         52       17.22       58.61
      3. Other |         70       23.18       81.79
      4. Mixed |         33       10.93       92.72
 5. Not Stated |         21        6.95       99.67
             . |          1        0.33      100.00
---------------+-----------------------------------
         Total |        302      100.00

. 
. //not sure what this is doing here
. list medcodeid term eth5 if eth5 == .

     +---------------------------------------------------------------+
     |  medcodeid                                        term   eth5 |
     |---------------------------------------------------------------|
180. | 2795224015   Canadian occupational performance measure      . |
     +---------------------------------------------------------------+

. drop if eth5 == .
(1 observation deleted)

. 
. 
. // STEP 5. USE THE SNOMED CT CONCEPT ID TO FIND ADDITIONAL SYNONYMOUS TERMS
. //==========================================================================
. 
. //Check for missing SNOMED CT Concepts
. codebook snomedctconceptid

--------------------------------------------------------------------------------------------------------------------------------------------------------------------------------
snomedctconceptid                                                                                                                                              SnomedCTConceptId
--------------------------------------------------------------------------------------------------------------------------------------------------------------------------------

                  Type: String (str18), but longest is str16

         Unique values: 273                       Missing "": 0/301

              Examples: "186020007"
                        "33897005"
                        "92381000000106"
                        "94111000000106"

. assert !missing(snomedctconceptid)

. 
. count
  301

. 
. //Make a note of current list
. preserve

.         keep medcodeid /**/eth5/**/

.         gen byte original = 1

.         tempfile original

.         save `original'
file C:\Users\rmjlton\AppData\Local\Temp\ST_3c84_000004.tmp saved as .dta format

. restore

. 
. //Merge SNOMED CT Concepts with medical dictionary
. keep snomedctconceptid /**/eth5/**/

. bysort snomedctconceptid: keep if _n == 1
(28 observations deleted)

. 
. //Merge with original search results
. merge 1:m snomedctconceptid using `medical', nogenerate keep(match)

    Result                      Number of obs
    -----------------------------------------
    Not matched                             0
    Matched                               313  
    -----------------------------------------

. compress
  variable eth5 was long now byte
  variable snomedctconceptid was str18 now str16
  variable medcodeid was str18 now str16
  variable originalreadcode was str19 now str13
  variable snomedctdescriptionid was str18 now str16
  variable term was str233 now str142
  (33,178 bytes saved)

. merge 1:1 medcodeid using `original', nogenerate
(variable medcodeid was str16, now str18 to accommodate using data's values)
(variable eth5 was byte, now long to accommodate using data's values)
(label eth5 already defined)

    Result                      Number of obs
    -----------------------------------------
    Not matched                            12
        from master                        12  
        from using                          0  

    Matched                               301  
    -----------------------------------------

. order snomedctconceptid, before(snomedctdescriptionid)

. order /**/eth5/**/, last

. gsort /**/eth5/**/ originalreadcode

. 
. //Label new codes
. gen new_snomedct_synonym = (original != 1)

. drop original

. 
. //Show new codes
. foreach category of varlist /**/eth5/**/ {
  2.         
.         display "New terms found for: `category'"
  3.         list snomedctconceptid originalreadcode term if new_snomedct_synonym == 1
  4. }
New terms found for: eth5

     +---------------------------------------------------------------------------------------+
     | snomedctconce~d   originalrea~e                                                  term |
     |---------------------------------------------------------------------------------------|
 77. | 368051000000100   ^ESCTBR811943               British Israelite, follower of religion |
 80. | 368191000000107   ^ESCTGR811974                  Greek Catholic, follower of religion |
 81. |       718958002   ^ESCTRO777980                                                  Roma |
 82. | 368311000000101   ^ESCTUK811999              Ukrainian Catholic, follower of religion |
248. |       427963008   ^ESCTAD708142                  Advaitin Hindu, follower of religion |
     |---------------------------------------------------------------------------------------|
249. |       428347009   ^ESCTAR708714                Arya Samaj Hindu, follower of religion |
250. |       428816005   ^ESCTAR709412               Armenian Catholic, follower of religion |
253. | 368101000000100   ^ESCTCH811955   Chinese Evangelical Christian, follower of religion |
256. |       160545000   ^ESCTHI453278                           Hindu, follower of religion |
258. |        67929006   ^ESCTSI360508                                         Sikh religion |
     |---------------------------------------------------------------------------------------|
259. |       366740002   ^ESCTSI629668                            Sikh, follower of religion |
260. |       429511004   ^ESCTVA710449                 Vaishnava Hindu, follower of religion |
     +---------------------------------------------------------------------------------------+

. 
. //Check new codes in the context of originally included SNOMED CT Concept ID codes
. preserve

.         keep if new_snomedct_synonym == 1
(301 observations deleted)

.         keep snomedctconceptid

.         bysort snomedctconceptid: keep if _n == 1
(0 observations deleted)

. 
.         count
  12

.         local obs = r(N)

. 
.         forvalues i = 1/`obs' {
  2.                 
.                 if `i' == 1 {
  3.                         
.                         local expanded_ids = snomedctconceptid in `i'
  4.                 }
  5.                 else {
  6.                         
.                         local expanded_ids = "`expanded_ids' " + snomedctconceptid in `i'
  7.                 }
  8.         }

. restore

. 
. foreach expanded_id of local expanded_ids {
  2.         
.         display "SNOMED CT Concept ID for which additional terms where found: `expanded_id'"
  3.         
.         list medcodeid originalreadcode term new_snomedct_synonym eth5 ///
>                 if snomedctconceptid == "`expanded_id'"
  4. }
SNOMED CT Concept ID for which additional terms where found: 160545000

     +--------------------------------------------------------------------------------------+
     |        medcodeid   originalrea~e                          term   new_sn~m       eth5 |
     |--------------------------------------------------------------------------------------|
188. |        250268010            1358                         Hindu          0   3. Other |
256. | 4532781000006115   ^ESCTHI453278   Hindu, follower of religion          1   3. Other |
     +--------------------------------------------------------------------------------------+
SNOMED CT Concept ID for which additional terms where found: 366740002

     +-------------------------------------------------------------------------------------+
     |        medcodeid   originalrea~e                         term   new_sn~m       eth5 |
     |-------------------------------------------------------------------------------------|
189. |        490271012            135B                         Sikh          0   3. Other |
259. | 6296681000006115   ^ESCTSI629668   Sikh, follower of religion          1   3. Other |
     +-------------------------------------------------------------------------------------+
SNOMED CT Concept ID for which additional terms where found: 368051000000100

     +--------------------------------------------------------------------------------------------------+
     |        medcodeid   originalrea~e                                      term   new_sn~m       eth5 |
     |--------------------------------------------------------------------------------------------------|
  4. |  713341000000111            13y6                         British Israelite          0   0. White |
 77. | 8119431000006119   ^ESCTBR811943   British Israelite, follower of religion          1   0. White |
     +--------------------------------------------------------------------------------------------------+
SNOMED CT Concept ID for which additional terms where found: 368101000000100

     +--------------------------------------------------------------------------------------------------------------+
     |        medcodeid   originalrea~e                                                  term   new_sn~m       eth5 |
     |--------------------------------------------------------------------------------------------------------------|
190. |  713491000000110            13yp                         Chinese Evangelical Christian          0   3. Other |
253. | 8119551000006110   ^ESCTCH811955   Chinese Evangelical Christian, follower of religion          1   3. Other |
     +--------------------------------------------------------------------------------------------------------------+
SNOMED CT Concept ID for which additional terms where found: 368191000000107

     +-----------------------------------------------------------------------------------------------+
     |        medcodeid   originalrea~e                                   term   new_sn~m       eth5 |
     |-----------------------------------------------------------------------------------------------|
  5. |  713761000000111            13yY                         Greek Catholic          0   0. White |
 80. | 8119741000006115   ^ESCTGR811974   Greek Catholic, follower of religion          1   0. White |
     +-----------------------------------------------------------------------------------------------+
SNOMED CT Concept ID for which additional terms where found: 368311000000101

     +---------------------------------------------------------------------------------------------------+
     |        medcodeid   originalrea~e                                       term   new_sn~m       eth5 |
     |---------------------------------------------------------------------------------------------------|
  6. |  714141000000111            13z5                         Ukrainian Catholic          0   0. White |
 82. | 8119991000006114   ^ESCTUK811999   Ukrainian Catholic, follower of religion          1   0. White |
     +---------------------------------------------------------------------------------------------------+
SNOMED CT Concept ID for which additional terms where found: 427963008

     +-----------------------------------------------------------------------------------------------+
     |        medcodeid   originalrea~e                                   term   new_sn~m       eth5 |
     |-----------------------------------------------------------------------------------------------|
193. |       2694381019            13zf                         Advaitin Hindu          0   3. Other |
248. | 7081421000006118   ^ESCTAD708142   Advaitin Hindu, follower of religion          1   3. Other |
     +-----------------------------------------------------------------------------------------------+
SNOMED CT Concept ID for which additional terms where found: 428347009

     +-------------------------------------------------------------------------------------------------+
     |        medcodeid   originalrea~e                                     term   new_sn~m       eth5 |
     |-------------------------------------------------------------------------------------------------|
194. |       2692541014            13zg                         Arya Samaj Hindu          0   3. Other |
249. | 7087141000006111   ^ESCTAR708714   Arya Samaj Hindu, follower of religion          1   3. Other |
     +-------------------------------------------------------------------------------------------------+
SNOMED CT Concept ID for which additional terms where found: 428816005

     +--------------------------------------------------------------------------------------------------+
     |        medcodeid   originalrea~e                                      term   new_sn~m       eth5 |
     |--------------------------------------------------------------------------------------------------|
191. |       2691976017            13z4                         Armenian Catholic          0   3. Other |
250. | 7094121000006112   ^ESCTAR709412   Armenian Catholic, follower of religion          1   3. Other |
     +--------------------------------------------------------------------------------------------------+
SNOMED CT Concept ID for which additional terms where found: 429511004

     +------------------------------------------------------------------------------------------------+
     |        medcodeid   originalrea~e                                    term   new_sn~m       eth5 |
     |------------------------------------------------------------------------------------------------|
192. |       2692313014            13zb                         Vaishnava Hindu          0   3. Other |
260. | 7104491000006111   ^ESCTVA710449   Vaishnava Hindu, follower of religion          1   3. Other |
     +------------------------------------------------------------------------------------------------+
SNOMED CT Concept ID for which additional terms where found: 67929006

     +------------------------------------------------------------------------+
     |        medcodeid   originalrea~e            term   new_sn~m       eth5 |
     |------------------------------------------------------------------------|
257. | 3605071000006112   ^ESCTSI360507         Sikhism          0   3. Other |
258. | 3605081000006110   ^ESCTSI360508   Sikh religion          1   3. Other |
     +------------------------------------------------------------------------+
SNOMED CT Concept ID for which additional terms where found: 718958002

     +----------------------------------------------------------------------------+
     |        medcodeid   originalrea~e                term   new_sn~m       eth5 |
     |----------------------------------------------------------------------------|
 24. | 2645811000000115             9TC   Roma ethnic group          0   0. White |
 81. | 7779801000006116   ^ESCTRO777980                Roma          1   0. White |
     +----------------------------------------------------------------------------+

. 
. 
. //save codelist and export as CSV
. order medcodeid observations

. gsort eth5 -observations snomedctconceptid snomedctdescriptionid originalreadcode

. drop new_snomedct_synonym

. compress
  variable eth5 was long now byte
  variable medcodeid was str18 now str16
  (1,565 bytes saved)

. save `filename', replace
file ethnicity.dta saved

. export delimited `filename', replace quote
file ethnicity.csv saved

. 
. 
. // STEP 10. GENERATE METADATA FILE
. //=================================
. 
. //=**Update details here, everything else is automated**========================
. local description "Ethnicity"

. local code_type "medcodeid (SNOMED CT)"

. local database "CPRD Aurum"

. local database_version = ym(real(substr("`aurum_build'", 1, 4)), ///
>                                                         real(substr("`aurum_build'", 5, 2)))

. local author "Philip Stone"

. local date = ym(2024, 12)  //year, month

. local clinical_reviewer ""

. local date_approved = . //ym(2024, 12)  //year, month

. local notes "Created for PRIORITY study."

. local keywords ""

. //==============================================================================
. 
. clear

. gen v1 = ""

. gen v2 = .

. format %tmMon_CCYY v2

. set obs 10
Number of observations (_N) was 0, now 10.

. 
. replace v1 = "`description'" in 1
variable v1 was str1 now str9
(1 real change made)

. replace v1 = "`code_type'" in 2
variable v1 was str9 now str21
(1 real change made)

. replace v1 = "`database'" in 3
(1 real change made)

. replace v2 = `database_version' in 4
(1 real change made)

. replace v1 = "`author'" in 5
(1 real change made)

. replace v2 = `date' in 6
(1 real change made)

. replace v1 = "`clinical_reviewer'" in 7
(0 real changes made)

. replace v2 = `date_approved' in 8
(0 real changes made)

. replace v1 = "`notes'" in 9
variable v1 was str21 now str27
(1 real change made)

. replace v1 = "`keywords'" in 10
(0 real changes made)

. 
. tostring v2, replace usedisplayformat force
v2 was float now str8
v2 was forced to string; some loss of information

. replace v1 = v2 in 4
(1 real change made)

. replace v1 = v2 in 6
(1 real change made)

. replace v1 = v2 in 8
(1 real change made)

. drop v2

. 
. export delimited "`filename'.meta", replace novarnames delimiter(tab)
file ethnicity.meta saved

. 
. 
. use "`filename'", clear  //So that you can see results of search after do file run

. 
. 
. log close
      name:  <unnamed>
       log:  C:\Users\rmjlton\GitHub\priority\codelists\ethnicity.log
  log type:  text
 closed on:   4 Dec 2024, 02:03:46
--------------------------------------------------------------------------------------------------------------------------------------------------------------------------------
