--------------------------------------------------------------------------------------------------------------------------------------------------------------------------------
      name:  <unnamed>
       log:  C:\Users\rmjlton\GitHub\priority\codelists\HbA1c.log
  log type:  text
 opened on:  10 Feb 2025, 20:49:45

. 
. 
. //= CPRD LOOKUP LOCATION - would be good to get this in a shared location ======
. 
. //*Directory of medical dictionary*
. local browser_dir "C:/Users/rmjlton/OneDrive - University College London/PRIORITY/lookups/`aurum_build'_Lookups_CPRDAurum"

. 
. //*Directory of label lookups*
. local lookup_dir "C:/Users/rmjlton/OneDrive - University College London/PRIORITY/lookups/`aurum_build'_Lookups_CPRDAurum"

. 
. //==============================================================================
. 
. //Import latest medical browser; force medcodeid, SNOMED CT Description ID, and SNOMED CT Concept ID to be string
. //import delimited "`browser_dir'/CPRDAurumMedical.txt", stringcols(1 6 7) favorstrfixed
. import delimited "`browser_dir'/`aurum_build'_EMISMedicalDictionary.txt", stringcols(1 6 7) favorstrfixed
(encoding automatically selected: UTF-8)
(9 vars, 240,999 obs)

. 
. //Drop useless variables
. drop release emiscodecategoryid

. 
. order medcodeid observations originalreadcode cleansedreadcode ///
>         snomedctconceptid snomedctdescriptionid term

. 
. //Save medical code browser to a tempfile
. tempfile medical

. save `medical'
file C:\Users\rmjlton\AppData\Local\Temp\ST_8c5c_000001.tmp saved as .dta format

. 
. 
. // STEP 1. IDENTIFY SEARCH TERMS
. //===============================
. 
. //**Define search terms below. Use multiple local macros if categorising desired codes in to multiple categories make more sense**
. 
. local hba1c " "*hba1c*" "*glycated*haemoglobin*" "*glycated*hemoglobin*" "*glycated*hb*" "*haemoglobin*a1c*" "*hemoglobin*a1c*" "*hb*a1c*" "

. 
. 
. // STEP 2. SEARCH THE MEDICAL TERMINOLOGY DICTIONARY USING THE SEARCH TERMS
. //==========================================================================
. 
. //**Add any additional local macros if you have used more than 1**
. //For each specified local macro...
. foreach termgroup in /**/hba1c/**/ {
  2.         
.         //Generate an empty binary indicator variable taking the name of the local macro
.         gen byte `termgroup' = .
  3.         
.         //For each SNOMED CT term description (converted to lower case)...
.         foreach codeterm in lower(term) {
  4.                 
.                 //For each individual search term in the local macro
.                 foreach searchterm in ``termgroup'' {
  5.                         
.                         //Set the indicator variable to 1 if the SNOMED CT term description matches the search term from the local macro
.                         replace `termgroup' = 1 if strmatch(`codeterm', "`searchterm'")
  6.                 }
  7.         }
  8. }
(240,999 missing values generated)
(20 real changes made)
(3 real changes made)
(1 real change made)
(1 real change made)
(20 real changes made)
(1 real change made)
(4 real changes made)

. 
. keep if /**/hba1c/**/ == 1
(240,949 observations deleted)

. compress
  variable medcodeid was str18 now str17
  variable originalreadcode was str19 now str13
  variable snomedctconceptid was str18 now str16
  variable snomedctdescriptionid was str18 now str16
  variable term was str233 now str151
  (4,650 bytes saved)

. 
. gsort /**/hba1c/**/ -observations snomedctconceptid snomedctdescriptionid originalreadcode

. 
. tab1 /**/hba1c/**/

-> tabulation of hba1c  

      hba1c |      Freq.     Percent        Cum.
------------+-----------------------------------
          1 |         50      100.00      100.00
------------+-----------------------------------
      Total |         50      100.00

. 
. 
. // (OPTIONAL) STEP 3. PERFORM A SECONDARY SEARCH TO EXCLUDE BROAD UNDESIRED TERMS
. //================================================================================
. 
. //Comment out this section if not required.
. 
. // **Exclusion terms**
. 
. local exclude " "*written*information*" "

. 
. //Search for codes to exclude
. foreach excludeterm in exclude /**/ /*ADD ANY EXTRA TERMS HERE*/ /**/ {
  2. 
.         gen byte `excludeterm' = .
  3. 
.         foreach codeterm in lower(term) {
  4.                 
.                 foreach searchterm in ``excludeterm'' {         
  5.                         
.                         replace `excludeterm' = 1 if strmatch(`codeterm', "`searchterm'")
  6.                 }
  7.         }
  8. }
(50 missing values generated)
(1 real change made)

. 
. //Check that nothing important is highlighted for exclusion before dropping
. list term if exclude == 1

     +--------------------------------------------------------------------------------+
     |                                                                           term |
     |--------------------------------------------------------------------------------|
 15. | Provision of written information about diabetes and high haemoglobin A1c level |
     +--------------------------------------------------------------------------------+

. /**/ /*ADD ANY EXTRA TERMS HERE*/ /**/
. 
. drop if exclude == 1 ///
> /**/ /*ADD ANY EXTRA TERMS HERE*/ /**/
(1 observation deleted)

. 
. drop exclude /**/ /*ADD ANY EXTRA TERMS HERE*/ /**/

. count
  49

. compress
  (0 bytes saved)

. 
. 
. // STEP 4. MANUAL SCREEN OF CODELIST TO REMOVE UNDESIRED TERMS
. //=============================================================
. /* EVERYTHING LOOKS OK
> // **medcodeids to remove**
> local initial_remove "123"
> 
> gen byte remove = 0
> 
> foreach medcode of local initial_remove {
>         
>         replace remove = 1 if medcodeid == "`medcode'"
> }
> 
> list medcodeid snomedctdescriptionid snomedctconceptid originalreadcode term if remove == 1
> drop if remove == 1
> drop remove
> 
> compress
> tab1 /**/hba1c/**/
> */
. 
. // STEP 5. USE THE SNOMED CT CONCEPT ID TO FIND ADDITIONAL SYNONYMOUS TERMS
. //==========================================================================
. 
. //Check for missing SNOMED CT Concepts
. codebook snomedctconceptid

--------------------------------------------------------------------------------------------------------------------------------------------------------------------------------
snomedctconceptid                                                                                                                                              SnomedCTConceptId
--------------------------------------------------------------------------------------------------------------------------------------------------------------------------------

                  Type: String (str16)

         Unique values: 24                        Missing "": 0/49

              Examples: "165679005"
                        "269823000"
                        "408591000"
                        "446074002"

. assert !missing(snomedctconceptid)

. 
. count
  49

. 
. //Make a note of current list
. preserve

.         keep medcodeid /**/hba1c/**/

.         gen byte original = 1

.         tempfile original

.         save `original'
file C:\Users\rmjlton\AppData\Local\Temp\ST_8c5c_000003.tmp saved as .dta format

. restore

. 
. //Merge SNOMED CT Concepts with medical dictionary
. keep snomedctconceptid /**/hba1c/**/

. bysort snomedctconceptid: keep if _n == 1
(25 observations deleted)

. 
. //Merge with original search results
. merge 1:m snomedctconceptid using `medical', nogenerate keep(match)
(variable snomedctconceptid was str16, now str18 to accommodate using data's values)

    Result                      Number of obs
    -----------------------------------------
    Not matched                             0
    Matched                                50  
    -----------------------------------------

. compress
  variable snomedctconceptid was str18 now str16
  variable medcodeid was str18 now str17
  variable originalreadcode was str19 now str13
  variable snomedctdescriptionid was str18 now str16
  variable term was str233 now str151
  (4,650 bytes saved)

. merge 1:1 medcodeid using `original', nogenerate

    Result                      Number of obs
    -----------------------------------------
    Not matched                             1
        from master                         1  
        from using                          0  

    Matched                                49  
    -----------------------------------------

. order snomedctconceptid, before(snomedctdescriptionid)

. order /**/hba1c/**/, last

. gsort /**/hba1c/**/ originalreadcode

. 
. //Label new codes
. gen new_snomedct_synonym = (original != 1)

. drop original

. 
. //Show new codes
. foreach category of varlist /**/hba1c/**/ {
  2.         
.         display "New terms found for: `category'"
  3.         list snomedctconceptid originalreadcode term if new_snomedct_synonym == 1 & `category' == 1
  4. }
New terms found for: hba1c

     +----------------------------------------+
     | snome~tid   origin~e              term |
     |----------------------------------------|
  2. | 269823000      42W-1   Glycosylated Hb |
     +----------------------------------------+

. 
. //Check new codes in the context of originally included SNOMED CT Concept ID codes
. preserve

.         keep if new_snomedct_synonym == 1
(49 observations deleted)

.         keep snomedctconceptid

.         bysort snomedctconceptid: keep if _n == 1
(0 observations deleted)

. 
.         count
  1

.         local obs = r(N)

. 
.         forvalues i = 1/`obs' {
  2.                 
.                 if `i' == 1 {
  3.                         
.                         local expanded_ids = snomedctconceptid in `i'
  4.                 }
  5.                 else {
  6.                         
.                         local expanded_ids = "`expanded_ids' " + snomedctconceptid in `i'
  7.                 }
  8.         }

. restore

. 
. foreach expanded_id of local expanded_ids {
  2.         
.         display "SNOMED CT Concept ID for which additional terms where found: `expanded_id'"
  3.         
.         list medcodeid originalreadcode term new_snomedct_synonym ///
>                 if snomedctconceptid == "`expanded_id'"
  4. }
SNOMED CT Concept ID for which additional terms where found: 269823000

     +-------------------------------------------------------------------------------------------+
     |       medcodeid   origin~e                                                term   new_sn~m |
     |-------------------------------------------------------------------------------------------|
  1. |       404444016        42W   Haemoglobin A1C - diabetic control interpretation          0 |
  2. | 804121000006112      42W-1                                     Glycosylated Hb          1 |
  3. | 803891000006119      42W-2                                Glycated haemoglobin          0 |
 11. |       257623014       42WZ                          Hb. A1C - diabetic control          0 |
     +-------------------------------------------------------------------------------------------+

. 
. 
. // (OPTIONAL) STEP 6. USE ANOTHER SEARCH TO AUTOMATE THE CATEGORISATION OF CODES
. //===============================================================================
. 
. //Comment out this section if not required.
. 
. // **Search terms for each categorisation desired**
. local target " "*target*" "

. 
. //Search for codes
. foreach categoryterm in /**/target/**/ {
  2.         
.         gen byte `categoryterm' = .
  3.         
.         foreach codeterm in lower(term) {
  4.                 
.                 foreach searchterm in ``categoryterm'' {                
  5.                         
.                         replace `categoryterm' = 1 if strmatch(`codeterm', "`searchterm'")
  6.                 }
  7.         }
  8. }
(50 missing values generated)
(9 real changes made)

. 
. tab1 target

-> tabulation of target  

     target |      Freq.     Percent        Cum.
------------+-----------------------------------
          1 |          9      100.00      100.00
------------+-----------------------------------
      Total |          9      100.00

. 
. 
. // STEP 7. COMPARE LIST WITH PRE-EXISTING CODELIST(S)
. //====================================================
. 
. //Comment this section out if no pre-existing codelists
. 
. //Format pre-existing codelist(s) ready for merging
. preserve

.         import delimited https://phenotypes.healthdatagateway.org/phenotypes/PH833/version/1745/export/codes, stringcols(1) clear
(encoding automatically selected: ISO-8859-1)
(10 vars, 66 obs)

.         
.         keep if strmatch(coding_system, "*SNOMED*")
(36 observations deleted)

.         
.         list code

     +-------------+
     |        code |
     |-------------|
  1. |  2621921019 |
  2. |  2883676014 |
  3. | 1.92779E+15 |
  4. | 1.72528E+15 |
  5. |    72394011 |
     |-------------|
  6. |  2772787010 |
  7. |  2163995019 |
  8. |  2621920018 |
  9. |  2767755018 |
 10. |  2768431010 |
     |-------------|
 11. |  2883677017 |
 12. |  2160141012 |
 13. | 1.72875E+15 |
 14. |  2770714019 |
 15. | 1.09871E+14 |
     |-------------|
 16. |  2914480010 |
 17. | 1.29761E+14 |
 18. |  2767753013 |
 19. |   493590018 |
 20. |  2772122013 |
     |-------------|
 21. | 2.64314E+15 |
 22. |   404443010 |
 23. |  2773408014 |
 24. |  2773783018 |
 25. |    72395012 |
     |-------------|
 26. | 4.59526E+15 |
 27. |   489331011 |
 28. |  2769803019 |
 29. |  2.6431E+15 |
 30. |   493589010 |
     +-------------+

.         //unfotunately codes haven't been stored as strings so this codelist can't be used
. restore

. 
. preserve

.         import delimited https://www.opencodelists.org/codelist/opensafely/glycated-haemoglobin-hba1c-tests/2ab11f20/download.csv, stringcols(1) clear
(encoding automatically selected: ISO-8859-1)
(2 vars, 10 obs)

.         
.         local name "hba1c_tests"

.         
.         rename * *_`name'

.         rename code_`name' snomedctconceptid

.         
.         generate byte `name' = 1

. 
.         tempfile `name'

.         compress
  (0 bytes saved)

.         save ``name''
file C:\Users\rmjlton\AppData\Local\Temp\ST_8c5c_000007.tmp saved as .dta format

. restore

. 
. preserve

.         import delimited https://www.opencodelists.org/codelist/opensafely/glycated-haemoglobin-hba1c-tests-numerical-value/5134e926/download.csv, stringcols(1) clear
(encoding automatically selected: ISO-8859-1)
(2 vars, 1 obs)

.         
.         local name "hba1c_tests_value"

.         
.         rename * *_`name'

.         rename code_`name' snomedctconceptid

.         
.         generate byte `name' = 1

. 
.         tempfile `name'

.         compress
  (0 bytes saved)

.         save ``name''
file C:\Users\rmjlton\AppData\Local\Temp\ST_8c5c_000009.tmp saved as .dta format

. restore

. 
. preserve

.         import delimited https://www.opencodelists.org/codelist/nhsd-primary-care-domain-refsets/dccthba1c_cod/20200812/download.csv, stringcols(1) clear
(encoding automatically selected: ISO-8859-1)
(2 vars, 1 obs)

.         
.         local name "refset_dccthba1c"

.         
.         rename * *_`name'

.         rename code_`name' snomedctconceptid

.         
.         generate byte `name' = 1

. 
.         tempfile `name'

.         compress
  (0 bytes saved)

.         save ``name''
file C:\Users\rmjlton\AppData\Local\Temp\ST_8c5c_00000b.tmp saved as .dta format

. restore

. 
. preserve

.         import delimited https://www.opencodelists.org/codelist/ardens/hba1c-level/2020-11-06/download.csv, stringcols(1) clear
(encoding automatically selected: ISO-8859-1)
(2 vars, 6 obs)

.         
.         local name "hba1c_value"

.         
.         rename * *_`name'

.         rename code_`name' snomedctconceptid

.         
.         generate byte `name' = 1

. 
.         tempfile `name'

.         compress
  (0 bytes saved)

.         save ``name''
file C:\Users\rmjlton\AppData\Local\Temp\ST_8c5c_00000d.tmp saved as .dta format

. restore

. 
. preserve

.         import delimited https://www.opencodelists.org/codelist/nhsd-primary-care-domain-refsets/ifcchbamd_cod/20211221/download.csv, stringcols(1) clear
(encoding automatically selected: ISO-8859-1)
(2 vars, 1 obs)

.         
.         local name "refset_ifcchbamd"

.         
.         rename * *_`name'

.         rename code_`name' snomedctconceptid

.         
.         generate byte `name' = 1

. 
.         tempfile `name'

.         compress
  (0 bytes saved)

.         save ``name''
file C:\Users\rmjlton\AppData\Local\Temp\ST_8c5c_00000f.tmp saved as .dta format

. restore

. 
. preserve

.         import delimited https://www.opencodelists.org/codelist/nhsd-primary-care-domain-refsets/ifcchbam_cod/20200812/download.csv, stringcols(1) clear
(encoding automatically selected: ISO-8859-1)
(2 vars, 3 obs)

.         
.         local name "refset_ifcchbam"

.         
.         rename * *_`name'

.         rename code_`name' snomedctconceptid

.         
.         generate byte `name' = 1

. 
.         tempfile `name'

.         compress
  (0 bytes saved)

.         save ``name''
file C:\Users\rmjlton\AppData\Local\Temp\ST_8c5c_00000h.tmp saved as .dta format

. restore

. 
. 
. foreach codelist in hba1c_tests hba1c_tests_value refset_dccthba1c hba1c_value refset_ifcchbamd refset_ifcchbam {
  2.         
.         //Merge previous codelist
.         merge m:1 snomedctconceptid using ``codelist''
  3. 
.         //Check for any differences
.         list term term_`codelist' if _merge == 3 ///
>                 & lower(term) != lower(term_`codelist')
  4. 
.         //Comment on result above: **No meaningful differences**
. 
.         display "Terms on pre-existing list only..."
  5.         list snomedctconceptid term_`codelist' if _merge == 2
  6.         
.         //Put pre-existing codelist terms in current codelist term column
.         replace term = term_`codelist' if _merge == 2
  7.         replace hba1c = 1 if _merge == 2
  8. 
.         //Drop old terms and merge variable
.         drop *_`codelist' _merge
  9. }

    Result                      Number of obs
    -----------------------------------------
    Not matched                            43
        from master                        39  (_merge==1)
        from using                          4  (_merge==2)

    Matched                                11  (_merge==3)
    -----------------------------------------

     +-----------------------------------------------------------------------------------------------------------------------------------+
 23. |                                                                                                                              term |
     |                                                                                                        HbA1c level (DCCT aligned) |
     |-----------------------------------------------------------------------------------------------------------------------------------|
     |                                                                                                          term_hba1c_tests         |
     |                                        Hemoglobin A1c measurement aligned to the Diabetes Control and Complications Trial         |
     +-----------------------------------------------------------------------------------------------------------------------------------+

     +-----------------------------------------------------------------------------------------------------------------------------------+
 24. |                                                                                                                              term |
     |                                                                                                  HbA1c measurement (DCCT aligned) |
     |-----------------------------------------------------------------------------------------------------------------------------------|
     |                                                                                                          term_hba1c_tests         |
     |                                        Hemoglobin A1c measurement aligned to the Diabetes Control and Complications Trial         |
     +-----------------------------------------------------------------------------------------------------------------------------------+

     +-----------------------------------------------------------------------------------------------------------------------------------+
 25. |                                                                                                                              term |
     |                                                                                        Haemoglobin A1C - diabetic control finding |
     |-----------------------------------------------------------------------------------------------------------------------------------|
     |                                                                                                          term_hba1c_tests         |
     |                                                                                 Hemoglobin A1C - diabetic control finding         |
     +-----------------------------------------------------------------------------------------------------------------------------------+

     +-----------------------------------------------------------------------------------------------------------------------------------+
 27. |                                                                                                                              term |
     | Hb A1c (Haemoglobin A1c) measurement - IFCC (International Federation of Clinical Chemistry and Laboratory Medicine) standardised |
     |-----------------------------------------------------------------------------------------------------------------------------------|
     |                                                                                                          term_hba1c_tests         |
     |         Haemoglobin A1c measurement - International Federation of Clinical Chemistry and Laboratory Medicine standardised         |
     +-----------------------------------------------------------------------------------------------------------------------------------+

     +-----------------------------------------------------------------------------------------------------------------------------------+
 28. |                                                                                                                              term |
     |       Hb A1c (Haemoglobin A1c) level - IFCC (International Federation of Clinical Chemistry and Laboratory Medicine) standardised |
     |-----------------------------------------------------------------------------------------------------------------------------------|
     |                                                                                                          term_hba1c_tests         |
     |         Haemoglobin A1c measurement - International Federation of Clinical Chemistry and Laboratory Medicine standardised         |
     +-----------------------------------------------------------------------------------------------------------------------------------+

     +-----------------------------------------------------------------------------------------------------------------------------------+
 34. |                                                                                                                              term |
     |                                                                                                      HbA1c - Hemoglobin A1c level |
     |-----------------------------------------------------------------------------------------------------------------------------------|
     |                                                                                                          term_hba1c_tests         |
     |                                                                                                Hemoglobin A1c measurement         |
     +-----------------------------------------------------------------------------------------------------------------------------------+

     +-----------------------------------------------------------------------------------------------------------------------------------+
 35. |                                                                                                                              term |
     |                                                                                                       Haemoglobin A1c measurement |
     |-----------------------------------------------------------------------------------------------------------------------------------|
     |                                                                                                          term_hba1c_tests         |
     |                                                                                                Hemoglobin A1c measurement         |
     +-----------------------------------------------------------------------------------------------------------------------------------+

     +-----------------------------------------------------------------------------------------------------------------------------------+
 36. |                                                                                                                              term |
     |                                                                                                     HbA1c - Haemoglobin A1c level |
     |-----------------------------------------------------------------------------------------------------------------------------------|
     |                                                                                                          term_hba1c_tests         |
     |                                                                                                Hemoglobin A1c measurement         |
     +-----------------------------------------------------------------------------------------------------------------------------------+
Terms on pre-existing list only...

     +----------------------------------------------------------+
     | snomedctconce~d                         term_hba1c_tests |
     |----------------------------------------------------------|
 51. |       144176003                    Haemoglobin A1c level |
 52. |       166902009                    Haemoglobin A1c level |
 53. | 491841000000105                    Haemoglobin A1c level |
 54. | 567641000000108   Haemoglobin A1C - diabetic control NOS |
     +----------------------------------------------------------+
(4 real changes made)
(4 real changes made)

    Result                      Number of obs
    -----------------------------------------
    Not matched                            53
        from master                        53  (_merge==1)
        from using                          0  (_merge==2)

    Matched                                 1  (_merge==3)
    -----------------------------------------
Terms on pre-existing list only...
(0 real changes made)
(0 real changes made)

    Result                      Number of obs
    -----------------------------------------
    Not matched                            53
        from master                        53  (_merge==1)
        from using                          0  (_merge==2)

    Matched                                 1  (_merge==3)
    -----------------------------------------

     +-------------------------------------------------------------------------------------------------------------------------------------------+
     |                                                           term                                                      term_refset_dccthba1c |
     |-------------------------------------------------------------------------------------------------------------------------------------------|
  4. | HbA1c level (Diabetes Control and Complications Trial aligned)   Haemoglobin A1c level (Diabetes Control and Complications Trial aligned) |
     +-------------------------------------------------------------------------------------------------------------------------------------------+
Terms on pre-existing list only...
(0 real changes made)
(0 real changes made)

    Result                      Number of obs
    -----------------------------------------
    Not matched                            47
        from master                        47  (_merge==1)
        from using                          0  (_merge==2)

    Matched                                 7  (_merge==3)
    -----------------------------------------

     +---------------------------------------------------------------------------------------------------------------------------------------------------------+
  4. |                                                                                                                                                    term |
     |                                                                                          HbA1c level (Diabetes Control and Complications Trial aligned) |
     |---------------------------------------------------------------------------------------------------------------------------------------------------------|
     |                                                                                                                                term_hba1c_value         |
     |                                                                        Haemoglobin A1c level (Diabetes Control and Complications Trial aligned)         |
     +---------------------------------------------------------------------------------------------------------------------------------------------------------+

     +---------------------------------------------------------------------------------------------------------------------------------------------------------+
  5. |                                                                                                                                                    term |
     | HbA1c (haemoglobin A1c) level (diagnostic reference range) - IFCC (International Federation of Clinical Chemistry and Laboratory Medicine) standardised |
     |---------------------------------------------------------------------------------------------------------------------------------------------------------|
     |                                                                                                                                term_hba1c_value         |
     |        Haemoglobin A1c level (diagnostic reference range) - International Federation of Clinical Chemistry and Laboratory Medicine standardised         |
     +---------------------------------------------------------------------------------------------------------------------------------------------------------+

     +---------------------------------------------------------------------------------------------------------------------------------------------------------+
  6. |                                                                                                                                                    term |
     |          HbA1c (haemoglobin A1c) level (monitoring ranges) - IFCC (International Federation of Clinical Chemistry and Laboratory Medicine) standardised |
     |---------------------------------------------------------------------------------------------------------------------------------------------------------|
     |                                                                                                                                term_hba1c_value         |
     |                 Haemoglobin A1c level (monitoring ranges) - International Federation of Clinical Chemistry and Laboratory Medicine standardised         |
     +---------------------------------------------------------------------------------------------------------------------------------------------------------+

     +---------------------------------------------------------------------------------------------------------------------------------------------------------+
  8. |                                                                                                                                                    term |
     |                                                                                                    HbA1c (haemoglobin A1c) molar concentration in blood |
     |---------------------------------------------------------------------------------------------------------------------------------------------------------|
     |                                                                                                                                term_hba1c_value         |
     |                                                                                             Substance concentration of haemoglobin A1c in blood         |
     +---------------------------------------------------------------------------------------------------------------------------------------------------------+

     +---------------------------------------------------------------------------------------------------------------------------------------------------------+
 39. |                                                                                                                                                    term |
     |                                                                                                                            HBA1c (Hemoglobin A1c) level |
     |---------------------------------------------------------------------------------------------------------------------------------------------------------|
     |                                                                                                                                term_hba1c_value         |
     |                                                                                                                 Ordinal level of hemoglobin A1c         |
     +---------------------------------------------------------------------------------------------------------------------------------------------------------+

     +---------------------------------------------------------------------------------------------------------------------------------------------------------+
 40. |                                                                                                                                                    term |
     |                                                                                                                           HBA1c (Haemoglobin A1c) level |
     |---------------------------------------------------------------------------------------------------------------------------------------------------------|
     |                                                                                                                                term_hba1c_value         |
     |                                                                                                                 Ordinal level of hemoglobin A1c         |
     +---------------------------------------------------------------------------------------------------------------------------------------------------------+
Terms on pre-existing list only...
(0 real changes made)
(0 real changes made)

    Result                      Number of obs
    -----------------------------------------
    Not matched                            53
        from master                        53  (_merge==1)
        from using                          0  (_merge==2)

    Matched                                 1  (_merge==3)
    -----------------------------------------
Terms on pre-existing list only...
(0 real changes made)
(0 real changes made)

    Result                      Number of obs
    -----------------------------------------
    Not matched                            51
        from master                        51  (_merge==1)
        from using                          0  (_merge==2)

    Matched                                 3  (_merge==3)
    -----------------------------------------

     +---------------------------------------------------------------------------------------------------------------------------------------------------------+
  5. |                                                                                                                                                    term |
     | HbA1c (haemoglobin A1c) level (diagnostic reference range) - IFCC (International Federation of Clinical Chemistry and Laboratory Medicine) standardised |
     |---------------------------------------------------------------------------------------------------------------------------------------------------------|
     |                                                                                                                            term_refset_ifcchbam         |
     |        Haemoglobin A1c level (diagnostic reference range) - International Federation of Clinical Chemistry and Laboratory Medicine standardised         |
     +---------------------------------------------------------------------------------------------------------------------------------------------------------+

     +---------------------------------------------------------------------------------------------------------------------------------------------------------+
  6. |                                                                                                                                                    term |
     |          HbA1c (haemoglobin A1c) level (monitoring ranges) - IFCC (International Federation of Clinical Chemistry and Laboratory Medicine) standardised |
     |---------------------------------------------------------------------------------------------------------------------------------------------------------|
     |                                                                                                                            term_refset_ifcchbam         |
     |                 Haemoglobin A1c level (monitoring ranges) - International Federation of Clinical Chemistry and Laboratory Medicine standardised         |
     +---------------------------------------------------------------------------------------------------------------------------------------------------------+
Terms on pre-existing list only...
(0 real changes made)
(0 real changes made)

. 
. //Count number of codes that didn't match
. count if medcodeid == ""
  4

. list snomedctconceptid if medcodeid == ""

     +-----------------+
     | snomedctconce~d |
     |-----------------|
  9. |       144176003 |
 19. |       166902009 |
 46. | 491841000000105 |
 47. | 567641000000108 |
     +-----------------+

. 
. //Compare newly found Concept IDs against dictionary
. preserve

.         //Merge SNOMED CT Concepts with medical dictionary
.         keep snomedctconceptid

.         bysort snomedctconceptid: keep if _n == 1
(26 observations deleted)

.         merge 1:m snomedctconceptid using `medical'
(variable snomedctconceptid was str16, now str18 to accommodate using data's values)

    Result                      Number of obs
    -----------------------------------------
    Not matched                       240,953
        from master                         4  (_merge==1)
        from using                    240,949  (_merge==2)

    Matched                                50  (_merge==3)
    -----------------------------------------

.         list snomedctconceptid if _merge == 1

        +-----------------+
        | snomedctconce~d |
        |-----------------|
     9. |       144176003 |
    13. |       166902009 |
    24. | 491841000000105 |
    25. | 567641000000108 |
        +-----------------+

. restore

. 
. //extra terms found weren't in CPRD Aurum dictionary so drop
. drop if medcode == ""
(4 observations deleted)

. 
. 
. // STEP 8. EXPORT CODELIST FOR REVIEW BY A PRIMARY CARE CLINICIAN
. //================================================================
. 
. gsort hba1c_tests hba1c_tests_value refset_dccthba1c hba1c_value refset_ifcchbamd refset_ifcchbam -observations snomedctconceptid snomedctdescriptionid

. compress
  variable new_snomedct_synonym was float now byte
  (150 bytes saved)

. save `filename', replace
file HbA1c.dta saved

. export excel `filename'_raw.xlsx, firstrow(variables) replace
file HbA1c_raw.xlsx saved

. 
. //Format Excel file using Python **THIS WON'T RUN IF ANACONDA IS NOT INSTALLED**
. python:
----------------------------------------------- python (type end to exit) ------------------------------------------------------------------------------------------------------
>>> from openpyxl import load_workbook, Workbook
>>> 
>>> excel_file = "`filename'_raw.xlsx"
>>> 
>>> wb = load_workbook(excel_file)
>>> ws = wb.active
>>> 
>>> # Freeze top row
... ws.freeze_panes = 'A2'
>>> 
>>> # Auto-size column widths
... for column in ws.columns:
...         max_length = 0
...         column_letter = column[0].column_letter
... 
...         for cell in column:
...                 try:
...                         if len(str(cell.value)) > max_length:
...                                 max_length = len(cell.value)
...                 except:
...                         pass
... 
...         adjusted_width = (max_length + 2) * 0.92   # this is a bit arbitrary
...         ws.column_dimensions[column_letter].width = adjusted_width
... 
>>> wb.save(excel_file)
>>> end
--------------------------------------------------------------------------------------------------------------------------------------------------------------------------------

. /*
> Make sure that reviewing clinician's initials are appended to the end of the file name after reviewing.
> 
> e.g. codelist_raw_ABC.xlsx
> */
. 
. 
. // STEP 9. RESTRICT YOUR CODELIST TO CODES APPROVED BY A PRIMARY CARE CLINICIAN AND SAVE
. //=======================================================================================
. 
. //Load clinician classifications
. local clinician "CCG"

. 
. import excel `filename'_raw_`clinician', firstrow clear
(16 vars, 50 obs)

. 
. //Remerge with original in case of any formatting issues with Excel spreadsheet
. keep medcodeid `clinician'

. 
. tempfile `clinician'_classification

. save ``clinician'_classification'
file C:\Users\rmjlton\AppData\Local\Temp\ST_8c5c_00000j.tmp saved as .dta format

. 
. use `filename', clear

. 
. merge 1:1 medcodeid using ``clinician'_classification', nogenerate

    Result                      Number of obs
    -----------------------------------------
    Not matched                             0
    Matched                                50  
    -----------------------------------------

. 
. //Remove codes marked for exclusion by clinician
. display "Terms excluded by clinician..."
Terms excluded by clinician...

. list medcodeid snomedctconceptid term if `clinician' == 0

. drop if `clinician' == 0
(0 observations deleted)

. 
. //Save clinican approved codelist
. gsort snomedctconceptid snomedctdescriptionid originalreadcode

. drop new_snomedct_synonym `clinician'

. compress
  (0 bytes saved)

. save `filename', replace
file HbA1c.dta saved

. export delimited `filename', replace quote
file HbA1c.csv saved

. 
. 
. // STEP 10. GENERATE METADATA FILE
. //=================================
. 
. //=**Update details here, everything else is automated**========================
. local description "Glycated heamoglobin (HbA1c) measurement"

. local code_type "medcodeid (SNOMED CT)"

. local database "CPRD Aurum"

. local database_version = ym(real(substr("`aurum_build'", 1, 4)), ///
>                                                         real(substr("`aurum_build'", 5, 2)))

. local author "Philip Stone"

. local date = ym(2024, 10)  //year, month

. local clinical_reviewer "Carolyn Chew-Graham"

. local date_approved = ym(2024, 11)  //year, month

. local notes "Created for PRIORITY study"

. local keywords "haemoglobin, hemoglobin, hb"

. //==============================================================================
. 
. clear

. gen v1 = ""

. gen v2 = .

. format %tmMon_CCYY v2

. set obs 10
Number of observations (_N) was 0, now 10.

. 
. replace v1 = "`description'" in 1
variable v1 was str1 now str40
(1 real change made)

. replace v1 = "`code_type'" in 2
(1 real change made)

. replace v1 = "`database'" in 3
(1 real change made)

. replace v2 = `database_version' in 4
(1 real change made)

. replace v1 = "`author'" in 5
(1 real change made)

. replace v2 = `date' in 6
(1 real change made)

. replace v1 = "`clinical_reviewer'" in 7
(1 real change made)

. replace v2 = `date_approved' in 8
(1 real change made)

. replace v1 = "`notes'" in 9
(1 real change made)

. replace v1 = "`keywords'" in 10
(1 real change made)

. 
. tostring v2, replace usedisplayformat force
v2 was float now str8
v2 was forced to string; some loss of information

. replace v1 = v2 in 4
(1 real change made)

. replace v1 = v2 in 6
(1 real change made)

. replace v1 = v2 in 8
(1 real change made)

. drop v2

. 
. export delimited "`filename'.meta", replace novarnames delimiter(tab)
file HbA1c.meta saved

. 
. 
. use "`filename'", clear  //So that you can see results of search after do file run

. 
. 
. log close
      name:  <unnamed>
       log:  C:\Users\rmjlton\GitHub\priority\codelists\HbA1c.log
  log type:  text
 closed on:  10 Feb 2025, 20:49:57
--------------------------------------------------------------------------------------------------------------------------------------------------------------------------------
